Archive member included to satisfy reference by file (symbol)

/Applications/MCUXpressoIDE_11.2.0_4120/ide/plugins/com.nxp.mcuxpresso.tools.macosx_11.2.0.202001021529/tools/bin/../lib/gcc/arm-none-eabi/9.2.1/../../../../arm-none-eabi/lib/thumb/v6-m/nofp/libcr_nohost_nf.a(_cr__main.o)
                              ./startup/startup_mkl25z4.o (__main)
/Applications/MCUXpressoIDE_11.2.0_4120/ide/plugins/com.nxp.mcuxpresso.tools.macosx_11.2.0.202001021529/tools/bin/../lib/gcc/arm-none-eabi/9.2.1/../../../../arm-none-eabi/lib/thumb/v6-m/nofp/libcr_c.a(memcpy.o)
                              ./drivers/fsl_flash.o (memcpy)
/Applications/MCUXpressoIDE_11.2.0_4120/ide/plugins/com.nxp.mcuxpresso.tools.macosx_11.2.0.202001021529/tools/bin/../lib/gcc/arm-none-eabi/9.2.1/../../../../arm-none-eabi/lib/thumb/v6-m/nofp/libcr_c.a(memset.o)
                              ./drivers/fsl_flash.o (memset)
/Applications/MCUXpressoIDE_11.2.0_4120/ide/plugins/com.nxp.mcuxpresso.tools.macosx_11.2.0.202001021529/tools/bin/../lib/gcc/arm-none-eabi/9.2.1/../../../../arm-none-eabi/lib/thumb/v6-m/nofp/libcr_c.a(atan2.o)
                              ./source/MMA8451Q.o (atan2)
/Applications/MCUXpressoIDE_11.2.0_4120/ide/plugins/com.nxp.mcuxpresso.tools.macosx_11.2.0.202001021529/tools/bin/../lib/gcc/arm-none-eabi/9.2.1/../../../../arm-none-eabi/lib/thumb/v6-m/nofp/libcr_c.a(errno.o)
                              /Applications/MCUXpressoIDE_11.2.0_4120/ide/plugins/com.nxp.mcuxpresso.tools.macosx_11.2.0.202001021529/tools/bin/../lib/gcc/arm-none-eabi/9.2.1/../../../../arm-none-eabi/lib/thumb/v6-m/nofp/libcr_c.a(atan2.o) (errno)
/Applications/MCUXpressoIDE_11.2.0_4120/ide/plugins/com.nxp.mcuxpresso.tools.macosx_11.2.0.202001021529/tools/bin/../lib/gcc/arm-none-eabi/9.2.1/../../../../arm-none-eabi/lib/thumb/v6-m/nofp/libcr_c.a(fabs.o)
                              ./source/roll_pitch.o (fabs)
/Applications/MCUXpressoIDE_11.2.0_4120/ide/plugins/com.nxp.mcuxpresso.tools.macosx_11.2.0.202001021529/tools/bin/../lib/gcc/arm-none-eabi/9.2.1/../../../../arm-none-eabi/lib/thumb/v6-m/nofp/libcr_c.a(initio.o)
                              /Applications/MCUXpressoIDE_11.2.0_4120/ide/plugins/com.nxp.mcuxpresso.tools.macosx_11.2.0.202001021529/tools/bin/../lib/gcc/arm-none-eabi/9.2.1/../../../../arm-none-eabi/lib/thumb/v6-m/nofp/libcr_nohost_nf.a(_cr__main.o) (_initio)
/Applications/MCUXpressoIDE_11.2.0_4120/ide/plugins/com.nxp.mcuxpresso.tools.macosx_11.2.0.202001021529/tools/bin/../lib/gcc/arm-none-eabi/9.2.1/../../../../arm-none-eabi/lib/thumb/v6-m/nofp/libcr_c.a(setvbuf.o)
                              /Applications/MCUXpressoIDE_11.2.0_4120/ide/plugins/com.nxp.mcuxpresso.tools.macosx_11.2.0.202001021529/tools/bin/../lib/gcc/arm-none-eabi/9.2.1/../../../../arm-none-eabi/lib/thumb/v6-m/nofp/libcr_c.a(initio.o) (setvbuf)
/Applications/MCUXpressoIDE_11.2.0_4120/ide/plugins/com.nxp.mcuxpresso.tools.macosx_11.2.0.202001021529/tools/bin/../lib/gcc/arm-none-eabi/9.2.1/../../../../arm-none-eabi/lib/thumb/v6-m/nofp/libcr_c.a(sqrt.o)
                              ./source/MMA8451Q.o (sqrt)
/Applications/MCUXpressoIDE_11.2.0_4120/ide/plugins/com.nxp.mcuxpresso.tools.macosx_11.2.0.202001021529/tools/bin/../lib/gcc/arm-none-eabi/9.2.1/../../../../arm-none-eabi/lib/thumb/v6-m/nofp/libcr_c.a(strlen.o)
                              ./utilities/fsl_debug_console.o (strlen)
/Applications/MCUXpressoIDE_11.2.0_4120/ide/plugins/com.nxp.mcuxpresso.tools.macosx_11.2.0.202001021529/tools/bin/../lib/gcc/arm-none-eabi/9.2.1/../../../../arm-none-eabi/lib/thumb/v6-m/nofp/libcr_c.a(_fdopen.o)
                              /Applications/MCUXpressoIDE_11.2.0_4120/ide/plugins/com.nxp.mcuxpresso.tools.macosx_11.2.0.202001021529/tools/bin/../lib/gcc/arm-none-eabi/9.2.1/../../../../arm-none-eabi/lib/thumb/v6-m/nofp/libcr_c.a(initio.o) (_fdopen)
/Applications/MCUXpressoIDE_11.2.0_4120/ide/plugins/com.nxp.mcuxpresso.tools.macosx_11.2.0.202001021529/tools/bin/../lib/gcc/arm-none-eabi/9.2.1/../../../../arm-none-eabi/lib/thumb/v6-m/nofp/libcr_c.a(atan.o)
                              /Applications/MCUXpressoIDE_11.2.0_4120/ide/plugins/com.nxp.mcuxpresso.tools.macosx_11.2.0.202001021529/tools/bin/../lib/gcc/arm-none-eabi/9.2.1/../../../../arm-none-eabi/lib/thumb/v6-m/nofp/libcr_c.a(atan2.o) (atan)
/Applications/MCUXpressoIDE_11.2.0_4120/ide/plugins/com.nxp.mcuxpresso.tools.macosx_11.2.0.202001021529/tools/bin/../lib/gcc/arm-none-eabi/9.2.1/../../../../arm-none-eabi/lib/thumb/v6-m/nofp/libcr_c.a(fclose.o)
                              /Applications/MCUXpressoIDE_11.2.0_4120/ide/plugins/com.nxp.mcuxpresso.tools.macosx_11.2.0.202001021529/tools/bin/../lib/gcc/arm-none-eabi/9.2.1/../../../../arm-none-eabi/lib/thumb/v6-m/nofp/libcr_c.a(initio.o) (fclose)
/Applications/MCUXpressoIDE_11.2.0_4120/ide/plugins/com.nxp.mcuxpresso.tools.macosx_11.2.0.202001021529/tools/bin/../lib/gcc/arm-none-eabi/9.2.1/../../../../arm-none-eabi/lib/thumb/v6-m/nofp/libcr_c.a(fflush.o)
[...]
Memory Configuration

Name             Origin             Length             Attributes
PROGRAM_FLASH    0x0000000000000000 0x0000000000020000 xr
SRAM             0x000000001ffff000 0x0000000000004000 xrw
*default*        0x0000000000000000 0xffffffffffffffff

Linker script and memory map

LOAD ./utilities/fsl_debug_console.o
LOAD ./startup/startup_mkl25z4.o
LOAD ./source/Final_Project.o
LOAD ./source/LM35.o
LOAD ./source/MMA8451Q.o
LOAD ./source/adc.o
LOAD ./source/calibrate.o
LOAD ./source/gpio.o
LOAD ./source/i2c.o
LOAD ./source/init.o
LOAD ./source/lcd.o
LOAD ./source/led.o
LOAD ./source/mtb.o
LOAD ./source/pwm.o
LOAD ./source/roll_pitch.o
LOAD ./source/semihost_hardfault.o
LOAD ./source/systick.o
LOAD ./drivers/fsl_clock.o
LOAD ./drivers/fsl_common.o
LOAD ./drivers/fsl_flash.o
LOAD ./drivers/fsl_gpio.o
LOAD ./drivers/fsl_lpsci.o
LOAD ./drivers/fsl_smc.o
LOAD ./drivers/fsl_uart.o
LOAD ./board/board.o
LOAD ./board/clock_config.o
LOAD ./board/peripherals.o
LOAD ./board/pin_mux.o
LOAD ./CMSIS/system_MKL25Z4.o
START GROUP
LOAD /Applications/MCUXpressoIDE_11.2.0_4120/ide/plugins/com.nxp.mcuxpresso.tools.macosx_11.2.0.202001021529/tools/bin/../lib/gcc/arm-none-eabi/9.2.1/../../../../arm-none-eabi/lib/thumb/v6-m/nofp/libcr_nohost_nf.a
LOAD /Applications/MCUXpressoIDE_11.2.0_4120/ide/plugins/com.nxp.mcuxpresso.tools.macosx_11.2.0.202001021529/tools/bin/../lib/gcc/arm-none-eabi/9.2.1/../../../../arm-none-eabi/lib/thumb/v6-m/nofp/libcr_c.a
LOAD /Applications/MCUXpressoIDE_11.2.0_4120/ide/plugins/com.nxp.mcuxpresso.tools.macosx_11.2.0.202001021529/tools/bin/../lib/gcc/arm-none-eabi/9.2.1/thumb/v6-m/nofp/libcr_eabihelpers.a
LOAD /Applications/MCUXpressoIDE_11.2.0_4120/ide/plugins/com.nxp.mcuxpresso.tools.macosx_11.2.0.202001021529/tools/bin/../lib/gcc/arm-none-eabi/9.2.1/thumb/v6-m/nofp/libgcc.a
END GROUP
                0x0000000000000000                __base_PROGRAM_FLASH = 0x0
                0x0000000000000000                __base_Flash = 0x0
                0x0000000000020000                __top_PROGRAM_FLASH = 0x20000
                0x0000000000020000                __top_Flash = 0x20000
                0x000000001ffff000                __base_SRAM = 0x1ffff000
                0x000000001ffff000                __base_RAM = 0x1ffff000
                0x0000000020003000                __top_SRAM = 0x20003000
                0x0000000020003000                __top_RAM = 0x20003000

.text           0x0000000000000000     0x4aec
 FILL mask 0xff
                0x0000000000000000                __vectors_start__ = ABSOLUTE (.)
 *(SORT_BY_ALIGNMENT(.isr_vector))
 .isr_vector    0x0000000000000000       0xc0 ./startup/startup_mkl25z4.o
                0x0000000000000000                __Vectors
                0x0000000000000000                g_pfnVectors
                0x00000000000000c0                . = ALIGN (0x4)
                0x00000000000000c0                __section_table_start = .
                0x00000000000000c0                __data_section_table = .
                0x00000000000000c0        0x4 LONG 0x4aec LOADADDR (.data)
                0x00000000000000c4        0x4 LONG 0x1ffff080 ADDR (.data)
                0x00000000000000c8        0x4 LONG 0x14 SIZEOF (.data)
                0x00000000000000cc                __data_section_table_end = .
                0x00000000000000cc                __bss_section_table = .
                0x00000000000000cc        0x4 LONG 0x1ffff094 ADDR (.bss)
                0x00000000000000d0        0x4 LONG 0x11c SIZEOF (.bss)
                0x00000000000000d4                __bss_section_table_end = .
                0x00000000000000d4                __section_table_end = .
 *(SORT_BY_ALIGNMENT(.after_vectors*))
 .after_vectors.reset
                0x00000000000000d4       0x4c ./startup/startup_mkl25z4.o
                0x00000000000000d4                ResetISR
 .after_vectors.init_data
                0x0000000000000120       0x12 ./startup/startup_mkl25z4.o
                0x0000000000000120                data_init
 .after_vectors.init_bss
                0x0000000000000132       0x10 ./startup/startup_mkl25z4.o
                0x0000000000000132                bss_init
 .after_vectors
                0x0000000000000142      0x10c ./startup/startup_mkl25z4.o
                0x0000000000000142                NMI_Handler
                0x0000000000000146                SVC_Handler
                0x0000000000000148                PendSV_Handler
                0x000000000000014c                DMA0_DriverIRQHandler
                0x000000000000014c                SPI1_DriverIRQHandler
                0x000000000000014c                LPTMR0_DriverIRQHandler
                0x000000000000014c                I2C0_DriverIRQHandler
                0x000000000000014c                PORTD_DriverIRQHandler
                0x000000000000014c                DMA2_DriverIRQHandler
                0x000000000000014c                TPM2_DriverIRQHandler
                0x000000000000014c                CMP0_DriverIRQHandler
                0x000000000000014c                ADC0_DriverIRQHandler
                0x000000000000014c                TSI0_DriverIRQHandler
                0x000000000000014c                RTC_Seconds_DriverIRQHandler
                0x000000000000014c                SPI0_DriverIRQHandler
                0x000000000000014c                I2C1_DriverIRQHandler
                0x000000000000014c                LLWU_DriverIRQHandler
                0x000000000000014c                MCG_DriverIRQHandler
                0x000000000000014c                DMA1_DriverIRQHandler
                0x000000000000014c                PORTA_DriverIRQHandler
                0x000000000000014c                Reserved39_DriverIRQHandler
                0x000000000000014c                PIT_DriverIRQHandler
                0x000000000000014c                Reserved45_DriverIRQHandler
                0x000000000000014c                FTFA_DriverIRQHandler
                0x000000000000014c                IntDefaultHandler
                0x000000000000014c                USB0_DriverIRQHandler
                0x000000000000014c                DAC0_DriverIRQHandler
                0x000000000000014c                LVD_LVW_DriverIRQHandler
                0x000000000000014c                TPM0_DriverIRQHandler
                0x000000000000014c                RTC_DriverIRQHandler
                0x000000000000014c                TPM1_DriverIRQHandler
                0x000000000000014c                Reserved20_DriverIRQHandler
                0x000000000000014c                DMA3_DriverIRQHandler
                0x000000000000014e                DMA0_IRQHandler
                0x0000000000000156                DMA1_IRQHandler
                0x000000000000015e                DMA2_IRQHandler
                0x0000000000000166                DMA3_IRQHandler
                0x000000000000016e                Reserved20_IRQHandler
                0x0000000000000176                FTFA_IRQHandler
                0x000000000000017e                LVD_LVW_IRQHandler
                0x0000000000000186                LLWU_IRQHandler
                0x000000000000018e                I2C0_IRQHandler
                0x0000000000000196                I2C1_IRQHandler
                0x000000000000019e                SPI0_IRQHandler
                0x00000000000001a6                SPI1_IRQHandler
                0x00000000000001ae                UART0_IRQHandler
                0x00000000000001b6                UART1_IRQHandler
                0x00000000000001be                UART2_IRQHandler
                0x00000000000001c6                ADC0_IRQHandler
                0x00000000000001ce                CMP0_IRQHandler
                0x00000000000001d6                TPM0_IRQHandler
                0x00000000000001de                TPM1_IRQHandler
                0x00000000000001e6                TPM2_IRQHandler
                0x00000000000001ee                RTC_IRQHandler
                0x00000000000001f6                RTC_Seconds_IRQHandler
                0x00000000000001fe                PIT_IRQHandler
                0x0000000000000206                Reserved39_IRQHandler
                0x000000000000020e                USB0_IRQHandler
                0x0000000000000216                DAC0_IRQHandler
                0x000000000000021e                TSI0_IRQHandler
                0x0000000000000226                MCG_IRQHandler
                0x000000000000022e                LPTMR0_IRQHandler
                0x0000000000000236                Reserved45_IRQHandler
                0x000000000000023e                PORTA_IRQHandler
                0x0000000000000400                . = 0x400
 *fill*         0x000000000000024e      0x1b2 ff
                0x0000000000000400                PROVIDE (__FLASH_CONFIG_START__ = .)
 *(SORT_BY_ALIGNMENT(.FlashConfig))
 .FlashConfig   0x0000000000000400       0x10 ./startup/startup_mkl25z4.o
                0x0000000000000400                Flash_Config
                0x0000000000000410                PROVIDE (__FLASH_CONFIG_END__ = .)
                0x0000000000000001                ASSERT (! ((__FLASH_CONFIG_START__ == __FLASH_CONFIG_END__)), Linker Flash Config Support Enabled, but no .FlashConfig section provided within application)
 *(SORT_BY_ALIGNMENT(.text*))
 .text.DbgConsole_Init
                0x0000000000000410       0xf4 ./utilities/fsl_debug_console.o
                0x0000000000000410                DbgConsole_Init
 .text.DbgConsole_Printf
                0x0000000000000504       0x44 ./utilities/fsl_debug_console.o
                0x0000000000000504                DbgConsole_Printf
 .text.DbgConsole_Putchar
                0x0000000000000548       0x34 ./utilities/fsl_debug_console.o
                0x0000000000000548                DbgConsole_Putchar
 .text.main     0x000000000000057c       0x88 ./source/Final_Project.o
                0x000000000000057c                main
 .text.scan_temperature
                0x0000000000000604       0x98 ./source/LM35.o
                0x0000000000000604                scan_temperature
 .text.read_xyz
                0x000000000000069c       0xd8 ./source/MMA8451Q.o
                0x000000000000069c                read_xyz
 .text.roll_pitch_calculator
                0x0000000000000774      0x1c4 ./source/MMA8451Q.o
                0x0000000000000774                roll_pitch_calculator
 .text.init_ADC
                0x0000000000000938       0x70 ./source/adc.o
                0x0000000000000938                init_ADC
 .text.adc_calibration
                0x00000000000009a8       0xf0 ./source/adc.o
 .text.adc_read
                0x0000000000000a98       0x50 ./source/adc.o
                0x0000000000000a98                adc_read
 .text.accel_calibrate
                0x0000000000000ae8      0x168 ./source/calibrate.o
                0x0000000000000ae8                accel_calibrate
 .text.NVIC_EnableIRQ
                0x0000000000000c50       0x2c ./source/gpio.o
 .text.NVIC_DisableIRQ
                0x0000000000000c7c       0x30 ./source/gpio.o
 .text.Init_GPIO
                0x0000000000000cac       0x80 ./source/gpio.o
                0x0000000000000cac                Init_GPIO
 .text.PORTD_IRQHandler
                0x0000000000000d2c       0x34 ./source/gpio.o
                0x0000000000000d2c                PORTD_IRQHandler
 .text.i2c_init
                0x0000000000000d60       0x84 ./source/i2c.o
                0x0000000000000d60                i2c_init
 .text.i2c_busy
                0x0000000000000de4      0x174 ./source/i2c.o
                0x0000000000000de4                i2c_busy
 .text.i2c_wait
                0x0000000000000f58       0x6c ./source/i2c.o
                0x0000000000000f58                i2c_wait
 .text.i2c_start
                0x0000000000000fc4       0x30 ./source/i2c.o
                0x0000000000000fc4                i2c_start
 .text.i2c_read_setup
                0x0000000000000ff4       0x68 ./source/i2c.o
                0x0000000000000ff4                i2c_read_setup
 .text.i2c_repeated_read
                0x000000000000105c       0x80 ./source/i2c.o
                0x000000000000105c                i2c_repeated_read
 .text.i2c_write_byte
                0x00000000000010dc       0x80 ./source/i2c.o
                0x00000000000010dc                i2c_write_byte
 .text.NVIC_SetPriority
                0x000000000000115c       0xdc ./source/init.o
 .text.config_sys_clock
                0x0000000000001238       0x4c ./source/init.o
 .text.SysTickConfig
                0x0000000000001284       0x30 ./source/init.o
 .text.lcd_init
                0x00000000000012b4       0xa0 ./source/init.o
 .text.start_lcd
                0x0000000000001354       0x34 ./source/lcd.o
                0x0000000000001354                start_lcd
 .text.display_temperature
                0x0000000000001388       0x94 ./source/lcd.o
                0x0000000000001388                display_temperature
 .text.display_roll
                0x000000000000141c       0x7c ./source/lcd.o
                0x000000000000141c                display_roll
 .text.display_pitch
                0x0000000000001498       0x7c ./source/lcd.o
                0x0000000000001498                display_pitch
 .text.lcd_string_write
                0x0000000000001514       0xd4 ./source/lcd.o
                0x0000000000001514                lcd_string_write
 .text.lcd_Cmd  0x00000000000015e8       0xa8 ./source/lcd.o
 .text.write_nibble
                0x0000000000001690       0x94 ./source/lcd.o
 .text.RGB_INIT
                0x0000000000001724       0xa0 ./source/led.o
                0x0000000000001724                RGB_INIT
 .text.Control_RGB_LEDs
                0x00000000000017c4       0x60 ./source/led.o
                0x00000000000017c4                Control_RGB_LEDs
 .text.BLUE_PWM
                0x0000000000001824       0xbc ./source/pwm.o
 .text.RED_PWM  0x00000000000018e0       0xbc ./source/pwm.o
 .text.GREEN_PWM
                0x000000000000199c       0xbc ./source/pwm.o
 .text.Write_LED
                0x0000000000001a58       0x30 ./source/pwm.o
                0x0000000000001a58                Write_LED
 .text.Roll_Detector
                0x0000000000001a88       0x74 ./source/roll_pitch.o
                0x0000000000001a88                Roll_Detector
 .text.Pitch_Detector
                0x0000000000001afc       0x74 ./source/roll_pitch.o
                0x0000000000001afc                Pitch_Detector
 .text.HardFault_Handler
                0x0000000000001b70       0x30 ./source/semihost_hardfault.o
                0x0000000000001b70                HardFault_Handler
 .text.SysTick_Handler
                0x0000000000001ba0       0xac ./source/systick.o
                0x0000000000001ba0                SysTick_Handler
 .text.CLOCK_SetEr32kClock
                0x0000000000001c4c       0x34 ./drivers/fsl_clock.o
 .text.CLOCK_SetPllFllSelClock
                0x0000000000001c80       0x38 ./drivers/fsl_clock.o
 .text.CLOCK_GetMcgExtClkFreq
                0x0000000000001cb8       0x28 ./drivers/fsl_clock.o
 .text.CLOCK_GetFllExtRefClkFreq
                0x0000000000001ce0       0xa8 ./drivers/fsl_clock.o
 .text.CLOCK_GetFllRefClkFreq
                0x0000000000001d88       0x2c ./drivers/fsl_clock.o
 .text.CLOCK_GetOscRangeFromFreq
                0x0000000000001db4       0x4c ./drivers/fsl_clock.o
 .text.CLOCK_GetPllFllSelClkFreq
                0x0000000000001e00       0x4c ./drivers/fsl_clock.o
                0x0000000000001e00                CLOCK_GetPllFllSelClkFreq
 .text.CLOCK_SetSimConfig
                0x0000000000001e4c       0x38 ./drivers/fsl_clock.o
                0x0000000000001e4c                CLOCK_SetSimConfig
 .text.CLOCK_GetFllFreq
                0x0000000000001e84       0x84 ./drivers/fsl_clock.o
                0x0000000000001e84                CLOCK_GetFllFreq
 .text.CLOCK_GetPll0Freq
                0x0000000000001f08       0x70 ./drivers/fsl_clock.o
                0x0000000000001f08                CLOCK_GetPll0Freq
 .text.CLOCK_SetInternalRefClkConfig
                0x0000000000001f78      0x124 ./drivers/fsl_clock.o
                0x0000000000001f78                CLOCK_SetInternalRefClkConfig
 .text.CLOCK_EnablePll0
                0x000000000000209c       0x94 ./drivers/fsl_clock.o
                0x000000000000209c                CLOCK_EnablePll0
 .text.CLOCK_InitOsc0
                0x0000000000002130       0x94 ./drivers/fsl_clock.o
                0x0000000000002130                CLOCK_InitOsc0
 .text.CLOCK_SetPbeMode
                0x00000000000021c4       0xb0 ./drivers/fsl_clock.o
                0x00000000000021c4                CLOCK_SetPbeMode
 .text.CLOCK_BootToPeeMode
                0x0000000000002274       0x70 ./drivers/fsl_clock.o
                0x0000000000002274                CLOCK_BootToPeeMode
 .text.__assertion_failed
                0x00000000000022e4       0x1c ./drivers/fsl_common.o
                0x00000000000022e4                __assertion_failed
 .text.CLOCK_EnableClock
                0x0000000000002300       0x34 ./drivers/fsl_lpsci.o
 .text.LPSCI_GetInstance
                0x0000000000002334       0x48 ./drivers/fsl_lpsci.o
                0x0000000000002334                LPSCI_GetInstance
 .text.LPSCI_Init
                0x000000000000237c      0x258 ./drivers/fsl_lpsci.o
                0x000000000000237c                LPSCI_Init
 .text.LPSCI_GetDefaultConfig
                0x00000000000025d4       0x44 ./drivers/fsl_lpsci.o
                0x00000000000025d4                LPSCI_GetDefaultConfig
 .text.LPSCI_ClearStatusFlags
                0x0000000000002618       0x94 ./drivers/fsl_lpsci.o
                0x0000000000002618                LPSCI_ClearStatusFlags
 .text.LPSCI_WriteBlocking
                0x00000000000026ac       0x4c ./drivers/fsl_lpsci.o
                0x00000000000026ac                LPSCI_WriteBlocking
 .text.LPSCI_ReadBlocking
                0x00000000000026f8       0xc0 ./drivers/fsl_lpsci.o
                0x00000000000026f8                LPSCI_ReadBlocking
 .text.UART0_DriverIRQHandler
                0x00000000000027b8       0x24 ./drivers/fsl_lpsci.o
                0x00000000000027b8                UART0_DriverIRQHandler
 .text.CLOCK_EnableClock
                0x00000000000027dc       0x34 ./drivers/fsl_uart.o
 .text.UART_GetInstance
                0x0000000000002810       0x54 ./drivers/fsl_uart.o
                0x0000000000002810                UART_GetInstance
 .text.UART_Init
                0x0000000000002864      0x1e0 ./drivers/fsl_uart.o
                0x0000000000002864                UART_Init
 .text.UART_GetDefaultConfig
                0x0000000000002a44       0x44 ./drivers/fsl_uart.o
                0x0000000000002a44                UART_GetDefaultConfig
 .text.UART_ReadBlocking
                0x0000000000002a88       0x98 ./drivers/fsl_uart.o
                0x0000000000002a88                UART_ReadBlocking
 .text.UART1_DriverIRQHandler
                0x0000000000002b20       0x24 ./drivers/fsl_uart.o
                0x0000000000002b20                UART1_DriverIRQHandler
 .text.UART2_DriverIRQHandler
                0x0000000000002b44       0x24 ./drivers/fsl_uart.o
                0x0000000000002b44                UART2_DriverIRQHandler
 .text.CLOCK_SetLpsci0Clock
                0x0000000000002b68       0x38 ./board/board.o
 .text.BOARD_InitDebugConsole
                0x0000000000002ba0       0x30 ./board/board.o
                0x0000000000002ba0                BOARD_InitDebugConsole
 .text.CLOCK_SetSimSafeDivs
                0x0000000000002bd0       0x20 ./board/clock_config.o
 .text.CLOCK_SetXtal0Freq
                0x0000000000002bf0       0x1c ./board/clock_config.o
 .text.CLOCK_CONFIG_SetFllExtRefDiv
                0x0000000000002c0c       0x3c ./board/clock_config.o
 .text.BOARD_BootClockRUN
                0x0000000000002c48       0x64 ./board/clock_config.o
                0x0000000000002c48                BOARD_BootClockRUN
 .text.CLOCK_EnableClock
                0x0000000000002cac       0x34 ./board/pin_mux.o
 .text.PORT_SetPinMux
                0x0000000000002ce0       0x40 ./board/pin_mux.o
 .text.BOARD_InitPins
                0x0000000000002d20       0x4c ./board/pin_mux.o
                0x0000000000002d20                BOARD_InitPins
 .text.SystemInit
                0x0000000000002d6c       0x18 ./CMSIS/system_MKL25Z4.o
                0x0000000000002d6c                SystemInit
 .text.atan2    0x0000000000002d84      0x108 /Applications/MCUXpressoIDE_11.2.0_4120/ide/plugins/com.nxp.mcuxpresso.tools.macosx_11.2.0.202001021529/tools/bin/../lib/gcc/arm-none-eabi/9.2.1/../../../../arm-none-eabi/lib/thumb/v6-m/nofp/libcr_c.a(atan2.o)
                0x0000000000002d84                atan2
 .text._initio  0x0000000000002e8c       0x7c /Applications/MCUXpressoIDE_11.2.0_4120/ide/plugins/com.nxp.mcuxpresso.tools.macosx_11.2.0.202001021529/tools/bin/../lib/gcc/arm-none-eabi/9.2.1/../../../../arm-none-eabi/lib/thumb/v6-m/nofp/libcr_c.a(initio.o)
                0x0000000000002e8c                _initio
 .text.setvbuf  0x0000000000002f08       0x4c /Applications/MCUXpressoIDE_11.2.0_4120/ide/plugins/com.nxp.mcuxpresso.tools.macosx_11.2.0.202001021529/tools/bin/../lib/gcc/arm-none-eabi/9.2.1/../../../../arm-none-eabi/lib/thumb/v6-m/nofp/libcr_c.a(setvbuf.o)
                0x0000000000002f08                setvbuf
 .text.sqrt     0x0000000000002f54      0x130 /Applications/MCUXpressoIDE_11.2.0_4120/ide/plugins/com.nxp.mcuxpresso.tools.macosx_11.2.0.202001021529/tools/bin/../lib/gcc/arm-none-eabi/9.2.1/../../../../arm-none-eabi/lib/thumb/v6-m/nofp/libcr_c.a(sqrt.o)
                0x0000000000002f54                sqrt
 .text.strlen   0x0000000000003084       0x58 /Applications/MCUXpressoIDE_11.2.0_4120/ide/plugins/com.nxp.mcuxpresso.tools.macosx_11.2.0.202001021529/tools/bin/../lib/gcc/arm-none-eabi/9.2.1/../../../../arm-none-eabi/lib/thumb/v6-m/nofp/libcr_c.a(strlen.o)
                0x0000000000003084                strlen
 .text._fdopen  0x00000000000030dc       0x74 /Applications/MCUXpressoIDE_11.2.0_4120/ide/plugins/com.nxp.mcuxpresso.tools.macosx_11.2.0.202001021529/tools/bin/../lib/gcc/arm-none-eabi/9.2.1/../../../../arm-none-eabi/lib/thumb/v6-m/nofp/libcr_c.a(_fdopen.o)
                0x00000000000030dc                _fdopen
 .text.atan     0x0000000000003150      0x204 /Applications/MCUXpressoIDE_11.2.0_4120/ide/plugins/com.nxp.mcuxpresso.tools.macosx_11.2.0.202001021529/tools/bin/../lib/gcc/arm-none-eabi/9.2.1/../../../../arm-none-eabi/lib/thumb/v6-m/nofp/libcr_c.a(atan.o)
                0x0000000000003150                atan
 .text.fclose   0x0000000000003354       0x5c /Applications/MCUXpressoIDE_11.2.0_4120/ide/plugins/com.nxp.mcuxpresso.tools.macosx_11.2.0.202001021529/tools/bin/../lib/gcc/arm-none-eabi/9.2.1/../../../../arm-none-eabi/lib/thumb/v6-m/nofp/libcr_c.a(fclose.o)
                0x0000000000003354                fclose
 .text.fflush   0x00000000000033b0       0x44 /Applications/MCUXpressoIDE_11.2.0_4120/ide/plugins/com.nxp.mcuxpresso.tools.macosx_11.2.0.202001021529/tools/bin/../lib/gcc/arm-none-eabi/9.2.1/../../../../arm-none-eabi/lib/thumb/v6-m/nofp/libcr_c.a(fflush.o)
                0x00000000000033b0                fflush
 .text.fseek    0x00000000000033f4       0xf4 /Applications/MCUXpressoIDE_11.2.0_4120/ide/plugins/com.nxp.mcuxpresso.tools.macosx_11.2.0.202001021529/tools/bin/../lib/gcc/arm-none-eabi/9.2.1/../../../../arm-none-eabi/lib/thumb/v6-m/nofp/libcr_c.a(fseek.o)
                0x00000000000033f4                fseek
 .text.ftell    0x00000000000034e8       0x48 /Applications/MCUXpressoIDE_11.2.0_4120/ide/plugins/com.nxp.mcuxpresso.tools.macosx_11.2.0.202001021529/tools/bin/../lib/gcc/arm-none-eabi/9.2.1/../../../../arm-none-eabi/lib/thumb/v6-m/nofp/libcr_c.a(ftell.o)
                0x00000000000034e8                ftell
 .text._do_fflush
                0x0000000000003530       0x48 /Applications/MCUXpressoIDE_11.2.0_4120/ide/plugins/com.nxp.mcuxpresso.tools.macosx_11.2.0.202001021529/tools/bin/../lib/gcc/arm-none-eabi/9.2.1/../../../../arm-none-eabi/lib/thumb/v6-m/nofp/libcr_c.a(_do_fflush.o)
                0x0000000000003530                _do_fflush
 .text._fflush  0x0000000000003578       0x60 /Applications/MCUXpressoIDE_11.2.0_4120/ide/plugins/com.nxp.mcuxpresso.tools.macosx_11.2.0.202001021529/tools/bin/../lib/gcc/arm-none-eabi/9.2.1/../../../../arm-none-eabi/lib/thumb/v6-m/nofp/libcr_c.a(_fflush.o)
                0x0000000000003578                _fflush
 .text._Cwritebuf
                0x00000000000035d8       0x68 /Applications/MCUXpressoIDE_11.2.0_4120/ide/plugins/com.nxp.mcuxpresso.tools.macosx_11.2.0.202001021529/tools/bin/../lib/gcc/arm-none-eabi/9.2.1/../../../../arm-none-eabi/lib/thumb/v6-m/nofp/libcr_c.a(_writebuf.o)
                0x00000000000035d8                _Cwritebuf
 .text._deferredlazyseek
                0x0000000000003640       0x40 /Applications/MCUXpressoIDE_11.2.0_4120/ide/plugins/com.nxp.mcuxpresso.tools.macosx_11.2.0.202001021529/tools/bin/../lib/gcc/arm-none-eabi/9.2.1/../../../../arm-none-eabi/lib/thumb/v6-m/nofp/libcr_c.a(_deferredlazyseek.o)
                0x0000000000003640                _deferredlazyseek
 .text.__aeabi_dmul
                0x0000000000003680      0x184 /Applications/MCUXpressoIDE_11.2.0_4120/ide/plugins/com.nxp.mcuxpresso.tools.macosx_11.2.0.202001021529/tools/bin/../lib/gcc/arm-none-eabi/9.2.1/thumb/v6-m/nofp/libcr_eabihelpers.a(double.o)
                0x0000000000003680                __aeabi_dmul
 .text.__aeabi_ddiv
                0x0000000000003804      0x150 /Applications/MCUXpressoIDE_11.2.0_4120/ide/plugins/com.nxp.mcuxpresso.tools.macosx_11.2.0.202001021529/tools/bin/../lib/gcc/arm-none-eabi/9.2.1/thumb/v6-m/nofp/libcr_eabihelpers.a(double.o)
                0x0000000000003804                __aeabi_ddiv
 .text.__aeabi_dsub
                0x0000000000003954      0x1e4 /Applications/MCUXpressoIDE_11.2.0_4120/ide/plugins/com.nxp.mcuxpresso.tools.macosx_11.2.0.202001021529/tools/bin/../lib/gcc/arm-none-eabi/9.2.1/thumb/v6-m/nofp/libcr_eabihelpers.a(double.o)
                0x0000000000003954                __aeabi_dsub
 .text.__aeabi_dadd
                0x0000000000003b38      0x134 /Applications/MCUXpressoIDE_11.2.0_4120/ide/plugins/com.nxp.mcuxpresso.tools.macosx_11.2.0.202001021529/tools/bin/../lib/gcc/arm-none-eabi/9.2.1/thumb/v6-m/nofp/libcr_eabihelpers.a(double.o)
                0x0000000000003b38                __aeabi_dadd
 .text.__aeabi_d2iz
                0x0000000000003c6c       0x50 /Applications/MCUXpressoIDE_11.2.0_4120/ide/plugins/com.nxp.mcuxpresso.tools.macosx_11.2.0.202001021529/tools/bin/../lib/gcc/arm-none-eabi/9.2.1/thumb/v6-m/nofp/libcr_eabihelpers.a(double.o)
                0x0000000000003c6c                __aeabi_d2iz
 .text.__aeabi_dcmpeq
                0x0000000000003cbc       0x30 /Applications/MCUXpressoIDE_11.2.0_4120/ide/plugins/com.nxp.mcuxpresso.tools.macosx_11.2.0.202001021529/tools/bin/../lib/gcc/arm-none-eabi/9.2.1/thumb/v6-m/nofp/libcr_eabihelpers.a(double.o)
                0x0000000000003cbc                __aeabi_dcmpeq
 .text.__aeabi_dcmplt
                0x0000000000003cec       0x60 /Applications/MCUXpressoIDE_11.2.0_4120/ide/plugins/com.nxp.mcuxpresso.tools.macosx_11.2.0.202001021529/tools/bin/../lib/gcc/arm-none-eabi/9.2.1/thumb/v6-m/nofp/libcr_eabihelpers.a(double.o)
                0x0000000000003cec                __aeabi_dcmplt
 .text.__aeabi_dcmpgt
                0x0000000000003d4c       0x5c /Applications/MCUXpressoIDE_11.2.0_4120/ide/plugins/com.nxp.mcuxpresso.tools.macosx_11.2.0.202001021529/tools/bin/../lib/gcc/arm-none-eabi/9.2.1/thumb/v6-m/nofp/libcr_eabihelpers.a(double.o)
                0x0000000000003d4c                __aeabi_dcmpgt
 .text.__aeabi_dcmple
                0x0000000000003da8       0x60 /Applications/MCUXpressoIDE_11.2.0_4120/ide/plugins/com.nxp.mcuxpresso.tools.macosx_11.2.0.202001021529/tools/bin/../lib/gcc/arm-none-eabi/9.2.1/thumb/v6-m/nofp/libcr_eabihelpers.a(double.o)
                0x0000000000003da8                __aeabi_dcmple
 .text.UART_EnableTx
                0x0000000000003e08       0x40 ./utilities/fsl_debug_console.o
 .text.UART_EnableRx
                0x0000000000003e48       0x40 ./utilities/fsl_debug_console.o
 .text.LPSCI_EnableTx
                0x0000000000003e88       0x40 ./utilities/fsl_debug_console.o
 .text.LPSCI_EnableRx
                0x0000000000003ec8       0x40 ./utilities/fsl_debug_console.o
 .text.DbgConsole_PrintfPaddingCharacter
                0x0000000000003f08       0x48 ./utilities/fsl_debug_console.o
 .text.DbgConsole_ConvertRadixNumToString
                0x0000000000003f50      0x114 ./utilities/fsl_debug_console.o
 .text.DbgConsole_PrintfFormattedData
                0x0000000000004064      0x33a ./utilities/fsl_debug_console.o
 .text.init_accel
                0x000000000000439e       0x16 ./source/MMA8451Q.o
                0x000000000000439e                init_accel
 .text.system_init
                0x00000000000043b4       0x22 ./source/init.o
                0x00000000000043b4                system_init
 .text.delay    0x00000000000043d6       0x3e ./source/lcd.o
 .text.PWM_Init
                0x0000000000004414       0x28 ./source/pwm.o
                0x0000000000004414                PWM_Init
 .text.Roll_Controller
                0x000000000000443c       0x32 ./source/roll_pitch.o
                0x000000000000443c                Roll_Controller
 .text.Pitch_Controller
                0x000000000000446e       0x32 ./source/roll_pitch.o
                0x000000000000446e                Pitch_Controller
 .text.OSC_SetExtRefClkConfig
                0x00000000000044a0       0x3e ./drivers/fsl_clock.o
 .text.OSC_SetCapLoad
                0x00000000000044de       0x42 ./drivers/fsl_clock.o
 .text.CLOCK_GetPll0RefFreq
                0x0000000000004520       0x10 ./drivers/fsl_clock.o
 .text.CLOCK_SetExternalRefClkConfig
                0x0000000000004530       0x16 ./drivers/fsl_clock.o
                0x0000000000004530                CLOCK_SetExternalRefClkConfig
 .text.LPSCI_GetStatusFlags
                0x0000000000004546       0x26 ./drivers/fsl_lpsci.o
                0x0000000000004546                LPSCI_GetStatusFlags
 .text.UART_GetStatusFlags
                0x000000000000456c       0x26 ./drivers/fsl_uart.o
                0x000000000000456c                UART_GetStatusFlags
 .text.UART_WriteBlocking
                0x0000000000004592       0x3c ./drivers/fsl_uart.o
                0x0000000000004592                UART_WriteBlocking
 .text.BOARD_InitBootClocks
                0x00000000000045ce        0xe ./board/clock_config.o
                0x00000000000045ce                BOARD_InitBootClocks
 .text.BOARD_InitBootPeripherals
                0x00000000000045dc        0xa ./board/peripherals.o
                0x00000000000045dc                BOARD_InitBootPeripherals
 .text.BOARD_InitBootPins
                0x00000000000045e6        0xe ./board/pin_mux.o
                0x00000000000045e6                BOARD_InitBootPins
 .text.__main   0x00000000000045f4        0xc /Applications/MCUXpressoIDE_11.2.0_4120/ide/plugins/com.nxp.mcuxpresso.tools.macosx_11.2.0.202001021529/tools/bin/../lib/gcc/arm-none-eabi/9.2.1/../../../../arm-none-eabi/lib/thumb/v6-m/nofp/libcr_nohost_nf.a(_cr__main.o)
                0x00000000000045f4                __main
 .text.memset   0x0000000000004600        0x8 /Applications/MCUXpressoIDE_11.2.0_4120/ide/plugins/com.nxp.mcuxpresso.tools.macosx_11.2.0.202001021529/tools/bin/../lib/gcc/arm-none-eabi/9.2.1/../../../../arm-none-eabi/lib/thumb/v6-m/nofp/libcr_c.a(memset.o)
                0x0000000000004600                memset
 .text.fabs     0x0000000000004608       0x22 /Applications/MCUXpressoIDE_11.2.0_4120/ide/plugins/com.nxp.mcuxpresso.tools.macosx_11.2.0.202001021529/tools/bin/../lib/gcc/arm-none-eabi/9.2.1/../../../../arm-none-eabi/lib/thumb/v6-m/nofp/libcr_c.a(fabs.o)
                0x0000000000004608                fabs
 .text.remove   0x000000000000462a       0x12 /Applications/MCUXpressoIDE_11.2.0_4120/ide/plugins/com.nxp.mcuxpresso.tools.macosx_11.2.0.202001021529/tools/bin/../lib/gcc/arm-none-eabi/9.2.1/../../../../arm-none-eabi/lib/thumb/v6-m/nofp/libcr_c.a(remove.o)
                0x000000000000462a                remove
 .text.free     0x000000000000463c       0x2c /Applications/MCUXpressoIDE_11.2.0_4120/ide/plugins/com.nxp.mcuxpresso.tools.macosx_11.2.0.202001021529/tools/bin/../lib/gcc/arm-none-eabi/9.2.1/../../../../arm-none-eabi/lib/thumb/v6-m/nofp/libcr_c.a(alloc.o)
                0x000000000000463c                free
 .text.__aeabi_division_idivmod
                0x0000000000004668       0x78 /Applications/MCUXpressoIDE_11.2.0_4120/ide/plugins/com.nxp.mcuxpresso.tools.macosx_11.2.0.202001021529/tools/bin/../lib/gcc/arm-none-eabi/9.2.1/thumb/v6-m/nofp/libcr_eabihelpers.a(division_32.o)
                0x0000000000004668                __aeabi_idiv
                0x0000000000004668                __aeabi_idivmod
                0x000000000000466e                __aeabi_uidiv
                0x000000000000466e                __aeabi_uidivmod
 .text.__aeabi_division_idiv0
                0x00000000000046e0        0x2 /Applications/MCUXpressoIDE_11.2.0_4120/ide/plugins/com.nxp.mcuxpresso.tools.macosx_11.2.0.202001021529/tools/bin/../lib/gcc/arm-none-eabi/9.2.1/thumb/v6-m/nofp/libcr_eabihelpers.a(division_idiv0.o)
                0x00000000000046e0                __aeabi_idiv0
 .text.__bhs_ui2d
                0x00000000000046e2       0x5e /Applications/MCUXpressoIDE_11.2.0_4120/ide/plugins/com.nxp.mcuxpresso.tools.macosx_11.2.0.202001021529/tools/bin/../lib/gcc/arm-none-eabi/9.2.1/thumb/v6-m/nofp/libcr_eabihelpers.a(double.o)
                0x00000000000046e2                __bhs_ui2d
 .text.__aeabi_i2d
                0x0000000000004740       0x18 /Applications/MCUXpressoIDE_11.2.0_4120/ide/plugins/com.nxp.mcuxpresso.tools.macosx_11.2.0.202001021529/tools/bin/../lib/gcc/arm-none-eabi/9.2.1/thumb/v6-m/nofp/libcr_eabihelpers.a(double.o)
                0x0000000000004740                __aeabi_i2d
 .text.__aeabi_llong_lmul
                0x0000000000004758       0x2e /Applications/MCUXpressoIDE_11.2.0_4120/ide/plugins/com.nxp.mcuxpresso.tools.macosx_11.2.0.202001021529/tools/bin/../lib/gcc/arm-none-eabi/9.2.1/thumb/v6-m/nofp/libcr_eabihelpers.a(llong.o)
                0x0000000000004758                __aeabi_lmul
 .text.__aeabi_memset_lowlevel
                0x0000000000004786       0x2a /Applications/MCUXpressoIDE_11.2.0_4120/ide/plugins/com.nxp.mcuxpresso.tools.macosx_11.2.0.202001021529/tools/bin/../lib/gcc/arm-none-eabi/9.2.1/thumb/v6-m/nofp/libcr_eabihelpers.a(memcpy.o)
                0x0000000000004786                __aeabi_lowlevel_memset
 .text.__sys_close
                0x00000000000047b0        0x6 /Applications/MCUXpressoIDE_11.2.0_4120/ide/plugins/com.nxp.mcuxpresso.tools.macosx_11.2.0.202001021529/tools/bin/../lib/gcc/arm-none-eabi/9.2.1/../../../../arm-none-eabi/lib/thumb/v6-m/nofp/libcr_nohost_nf.a(__sys_close.o)
                0x00000000000047b0                __sys_close
 .text.__sys_flen
                0x00000000000047b6        0x6 /Applications/MCUXpressoIDE_11.2.0_4120/ide/plugins/com.nxp.mcuxpresso.tools.macosx_11.2.0.202001021529/tools/bin/../lib/gcc/arm-none-eabi/9.2.1/../../../../arm-none-eabi/lib/thumb/v6-m/nofp/libcr_nohost_nf.a(__sys_flen.o)
                0x00000000000047b6                __sys_flen
 .text.__sys_istty
                0x00000000000047bc        0x6 /Applications/MCUXpressoIDE_11.2.0_4120/ide/plugins/com.nxp.mcuxpresso.tools.macosx_11.2.0.202001021529/tools/bin/../lib/gcc/arm-none-eabi/9.2.1/../../../../arm-none-eabi/lib/thumb/v6-m/nofp/libcr_nohost_nf.a(__sys_istty.o)
                0x00000000000047bc                __sys_istty
 .text.__sys_remove
                0x00000000000047c2        0x6 /Applications/MCUXpressoIDE_11.2.0_4120/ide/plugins/com.nxp.mcuxpresso.tools.macosx_11.2.0.202001021529/tools/bin/../lib/gcc/arm-none-eabi/9.2.1/../../../../arm-none-eabi/lib/thumb/v6-m/nofp/libcr_nohost_nf.a(__sys_remove.o)
                0x00000000000047c2                __sys_remove
 .text.__sys_seek
                0x00000000000047c8        0x6 /Applications/MCUXpressoIDE_11.2.0_4120/ide/plugins/com.nxp.mcuxpresso.tools.macosx_11.2.0.202001021529/tools/bin/../lib/gcc/arm-none-eabi/9.2.1/../../../../arm-none-eabi/lib/thumb/v6-m/nofp/libcr_nohost_nf.a(__sys_seek.o)
                0x00000000000047c8                __sys_seek
 .text.__sys_tmpnam
                0x00000000000047ce        0x6 /Applications/MCUXpressoIDE_11.2.0_4120/ide/plugins/com.nxp.mcuxpresso.tools.macosx_11.2.0.202001021529/tools/bin/../lib/gcc/arm-none-eabi/9.2.1/../../../../arm-none-eabi/lib/thumb/v6-m/nofp/libcr_nohost_nf.a(__sys_tmpnam.o)
                0x00000000000047ce                __sys_tmpnam
 .text.__sys_write
                0x00000000000047d4        0x4 /Applications/MCUXpressoIDE_11.2.0_4120/ide/plugins/com.nxp.mcuxpresso.tools.macosx_11.2.0.202001021529/tools/bin/../lib/gcc/arm-none-eabi/9.2.1/../../../../arm-none-eabi/lib/thumb/v6-m/nofp/libcr_nohost_nf.a(__sys_write.o)
                0x00000000000047d4                __sys_write
 *(SORT_BY_ALIGNMENT(.rodata) SORT_BY_ALIGNMENT(.rodata.*) SORT_BY_ALIGNMENT(.constdata) SORT_BY_ALIGNMENT(.constdata.*))
 .rodata.a.3949
                0x00000000000047d8       0x20 /Applications/MCUXpressoIDE_11.2.0_4120/ide/plugins/com.nxp.mcuxpresso.tools.macosx_11.2.0.202001021529/tools/bin/../lib/gcc/arm-none-eabi/9.2.1/../../../../arm-none-eabi/lib/thumb/v6-m/nofp/libcr_c.a(atan.o)
 .rodata.roll_pitch_calculator.str1.4
                0x00000000000047f8       0x3e ./source/MMA8451Q.o
 *fill*         0x0000000000004836        0x2 ff
 .rodata.accel_calibrate.str1.4
                0x0000000000004838       0x10 ./source/calibrate.o
 .rodata.start_lcd.str1.4
                0x0000000000004848        0x5 ./source/lcd.o
 *fill*         0x000000000000484d        0x3 ff
 .rodata.display_temperature.str1.4
                0x0000000000004850       0x43 ./source/lcd.o
 *fill*         0x0000000000004893        0x1 ff
 .rodata.display_roll.str1.4
                0x0000000000004894        0x4 ./source/lcd.o
 .rodata.display_pitch.str1.4
                0x0000000000004898        0x4 ./source/lcd.o
 .rodata.CLOCK_GetMcgExtClkFreq.str1.4
                0x000000000000489c       0x1f ./drivers/fsl_clock.o
 *fill*         0x00000000000048bb        0x1 ff
 .rodata.CLOCK_GetPll0Freq.str1.4
                0x00000000000048bc       0x1e ./drivers/fsl_clock.o
 *fill*         0x00000000000048da        0x2 ff
 .rodata.CLOCK_EnablePll0.str1.4
                0x00000000000048dc       0x1a ./drivers/fsl_clock.o
 *fill*         0x00000000000048f6        0x2 ff
 .rodata.CLOCK_SetPbeMode.str1.4
                0x00000000000048f8       0x1b ./drivers/fsl_clock.o
 *fill*         0x0000000000004913        0x1 ff
 .rodata.CLOCK_BootToPeeMode.str1.4
                0x0000000000004914       0x1b ./drivers/fsl_clock.o
 *fill*         0x000000000000492f        0x1 ff
 .rodata.fllFactorTable.5159
                0x0000000000004930       0x10 ./drivers/fsl_clock.o
 .rodata.__assertion_failed.str1.4
                0x0000000000004940        0x4 ./drivers/fsl_common.o
 .rodata.LPSCI_GetInstance.str1.4
                0x0000000000004944       0x37 ./drivers/fsl_lpsci.o
 *fill*         0x000000000000497b        0x1 ff
 .rodata.LPSCI_Init.str1.4
                0x000000000000497c       0x44 ./drivers/fsl_lpsci.o
 .rodata.LPSCI_GetDefaultConfig.str1.4
                0x00000000000049c0       0x1a ./drivers/fsl_lpsci.o
 *fill*         0x00000000000049da        0x2 ff
 .rodata.LPSCI_WriteBlocking.str1.4
                0x00000000000049dc       0x18 ./drivers/fsl_lpsci.o
 .rodata.LPSCI_ReadBlocking.str1.4
                0x00000000000049f4       0x18 ./drivers/fsl_lpsci.o
 .rodata.s_uartBases
                0x0000000000004a0c        0xc ./drivers/fsl_uart.o
 .rodata.s_uartClock
                0x0000000000004a18        0xc ./drivers/fsl_uart.o
 .rodata.UART_GetInstance.str1.4
                0x0000000000004a24       0x2c ./drivers/fsl_uart.o
 .rodata.UART_Init.str1.4
                0x0000000000004a50       0x43 ./drivers/fsl_uart.o
 *fill*         0x0000000000004a93        0x1 ff
 .rodata.UART_GetDefaultConfig.str1.4
                0x0000000000004a94       0x19 ./drivers/fsl_uart.o
 *fill*         0x0000000000004aad        0x3 ff
 .rodata.UART_ReadBlocking.str1.4
                0x0000000000004ab0       0x17 ./drivers/fsl_uart.o
 *fill*         0x0000000000004ac7        0x1 ff
 .rodata.mcgConfig_BOARD_BootClockRUN
                0x0000000000004ac8        0xa ./board/clock_config.o
                0x0000000000004ac8                mcgConfig_BOARD_BootClockRUN
 *fill*         0x0000000000004ad2        0x2 ff
 .rodata.simConfig_BOARD_BootClockRUN
                0x0000000000004ad4        0x8 ./board/clock_config.o
                0x0000000000004ad4                simConfig_BOARD_BootClockRUN
 .rodata.oscConfig_BOARD_BootClockRUN
                0x0000000000004adc        0x8 ./board/clock_config.o
                0x0000000000004adc                oscConfig_BOARD_BootClockRUN
 .rodata.__num_Ciob_streams
                0x0000000000004ae4        0x4 /Applications/MCUXpressoIDE_11.2.0_4120/ide/plugins/com.nxp.mcuxpresso.tools.macosx_11.2.0.202001021529/tools/bin/../lib/gcc/arm-none-eabi/9.2.1/../../../../arm-none-eabi/lib/thumb/v6-m/nofp/libcr_nohost_nf.a(__ciob.o)
                0x0000000000004ae4                __num_Ciob_streams
 .rodata._initio.str1.1
                0x0000000000004ae8        0x4 /Applications/MCUXpressoIDE_11.2.0_4120/ide/plugins/com.nxp.mcuxpresso.tools.macosx_11.2.0.202001021529/tools/bin/../lib/gcc/arm-none-eabi/9.2.1/../../../../arm-none-eabi/lib/thumb/v6-m/nofp/libcr_c.a(initio.o)
                0x0000000000004aec                . = ALIGN (0x4)

.glue_7         0x0000000000004aec        0x0
 .glue_7        0x0000000000004aec        0x0 linker stubs

.glue_7t        0x0000000000004aec        0x0
 .glue_7t       0x0000000000004aec        0x0 linker stubs

.vfp11_veneer   0x0000000000004aec        0x0
 .vfp11_veneer  0x0000000000004aec        0x0 linker stubs

.v4_bx          0x0000000000004aec        0x0
 .v4_bx         0x0000000000004aec        0x0 linker stubs

.iplt           0x0000000000004aec        0x0
 .iplt          0x0000000000004aec        0x0 ./utilities/fsl_debug_console.o

.rel.dyn        0x0000000000004aec        0x0
 .rel.iplt      0x0000000000004aec        0x0 ./utilities/fsl_debug_console.o

.ARM.extab
 *(SORT_BY_ALIGNMENT(.ARM.extab*) SORT_BY_ALIGNMENT(.gnu.linkonce.armextab.*))

.ARM.exidx      0x0000000000004aec        0x0
                0x0000000000004aec                __exidx_start = .
 *(SORT_BY_ALIGNMENT(.ARM.exidx*) SORT_BY_ALIGNMENT(.gnu.linkonce.armexidx.*))
                0x0000000000004aec                __exidx_end = .
                0x0000000000004aec                _etext = .

.m_usb_data
 *(SORT_BY_ALIGNMENT(m_usb_bdt))

.mtb_buffer_default
                0x000000001ffff000       0x80
 *(SORT_BY_ALIGNMENT(.mtb*))
 .mtb.$RAM1     0x000000001ffff000       0x80 ./source/mtb.o
                0x000000001ffff000                __mtb_buffer__

.uninit_RESERVED
                0x000000001ffff080        0x0
                0x000000001ffff080                _start_uninit_RESERVED = .
 *(SORT_BY_ALIGNMENT(.bss.$RESERVED*))
                0x000000001ffff080                . = ALIGN (0x4)
                0x000000001ffff080                _end_uninit_RESERVED = .

.data           0x000000001ffff080       0x14 load address 0x0000000000004aec
 FILL mask 0xff
                0x000000001ffff080                _data = .
                [!provide]                        PROVIDE (__start_data_RAM = .)
                [!provide]                        PROVIDE (__start_data_SRAM = .)
 *(SORT_BY_ALIGNMENT(vtable))
 *(SORT_BY_ALIGNMENT(.ramfunc*))
 *(SORT_BY_ALIGNMENT(CodeQuickAccess))
 *(SORT_BY_ALIGNMENT(DataQuickAccess))
 *(SORT_BY_ALIGNMENT(RamFunction))
 *(SORT_BY_ALIGNMENT(.data*))
 .data.lcd_str.5389
                0x000000001ffff080        0x7 ./source/lcd.o
 *fill*         0x000000001ffff087        0x1 ff
 .data.lcd_str.5394
                0x000000001ffff088        0x4 ./source/lcd.o
 .data.s_slowIrcFreq
                0x000000001ffff08c        0x4 ./drivers/fsl_clock.o
 .data.SystemCoreClock
                0x000000001ffff090        0x4 ./CMSIS/system_MKL25Z4.o
                0x000000001ffff090                SystemCoreClock
                0x000000001ffff094                . = ALIGN (0x4)
                0x000000001ffff094                _edata = .
                [!provide]                        PROVIDE (__end_data_RAM = .)
                [!provide]                        PROVIDE (__end_data_SRAM = .)

.igot.plt       0x000000001ffff094        0x0 load address 0x0000000000004b00
 .igot.plt      0x000000001ffff094        0x0 ./utilities/fsl_debug_console.o

.bss            0x000000001ffff094      0x11c
                0x000000001ffff094                _bss = .
                [!provide]                        PROVIDE (__start_bss_RAM = .)
                [!provide]                        PROVIDE (__start_bss_SRAM = .)
 *(SORT_BY_ALIGNMENT(.bss*))
 .bss.s_debugConsole
                0x000000001ffff094       0x10 ./utilities/fsl_debug_console.o
 .bss.roll      0x000000001ffff0a4        0x4 ./source/MMA8451Q.o
                0x000000001ffff0a4                roll
 .bss.pitch     0x000000001ffff0a8        0x4 ./source/MMA8451Q.o
                0x000000001ffff0a8                pitch
 .bss.count.5428
                0x000000001ffff0ac        0x4 ./source/MMA8451Q.o
 .bss.Flag_Interrupt
                0x000000001ffff0b0        0x4 ./source/gpio.o
                0x000000001ffff0b0                Flag_Interrupt
 .bss.lock_detection
                0x000000001ffff0b4        0x4 ./source/i2c.o
                0x000000001ffff0b4                lock_detection
 .bss.i2c_lock  0x000000001ffff0b8        0x4 ./source/i2c.o
                0x000000001ffff0b8                i2c_lock
 .bss.lcd_str1.5399
                0x000000001ffff0bc        0x1 ./source/lcd.o
 *fill*         0x000000001ffff0bd        0x3 
 .bss.g_xtal0Freq
                0x000000001ffff0c0        0x4 ./drivers/fsl_clock.o
                0x000000001ffff0c0                g_xtal0Freq
 .bss.s_lpsciHandle
                0x000000001ffff0c4        0x4 ./drivers/fsl_lpsci.o
 .bss.s_lpsciIsr
                0x000000001ffff0c8        0x4 ./drivers/fsl_lpsci.o
 .bss.s_uartHandle
                0x000000001ffff0cc        0xc ./drivers/fsl_uart.o
 .bss.s_uartIsr
                0x000000001ffff0d8        0x4 ./drivers/fsl_uart.o
 .bss.errno     0x000000001ffff0dc        0x4 /Applications/MCUXpressoIDE_11.2.0_4120/ide/plugins/com.nxp.mcuxpresso.tools.macosx_11.2.0.202001021529/tools/bin/../lib/gcc/arm-none-eabi/9.2.1/../../../../arm-none-eabi/lib/thumb/v6-m/nofp/libcr_c.a(errno.o)
                0x000000001ffff0dc                errno
 .bss.__Ciob    0x000000001ffff0e0       0xb4 /Applications/MCUXpressoIDE_11.2.0_4120/ide/plugins/com.nxp.mcuxpresso.tools.macosx_11.2.0.202001021529/tools/bin/../lib/gcc/arm-none-eabi/9.2.1/../../../../arm-none-eabi/lib/thumb/v6-m/nofp/libcr_nohost_nf.a(__ciob.o)
                0x000000001ffff0e0                __Ciob
 .bss.adc_output.5382
                0x000000001ffff194        0x2 ./source/LM35.o
 .bss.adc_output_avg.5383
                0x000000001ffff196        0x2 ./source/LM35.o
 .bss.temp_value.5384
                0x000000001ffff198        0x2 ./source/LM35.o
 .bss.acc_X     0x000000001ffff19a        0x2 ./source/MMA8451Q.o
                0x000000001ffff19a                acc_X
 .bss.acc_Y     0x000000001ffff19c        0x2 ./source/MMA8451Q.o
                0x000000001ffff19c                acc_Y
 .bss.acc_Z     0x000000001ffff19e        0x2 ./source/MMA8451Q.o
                0x000000001ffff19e                acc_Z
 .bss.base_tick
                0x000000001ffff1a0        0x2 ./source/systick.o
 .bss.counter.5385
                0x000000001ffff1a2        0x1 ./source/LM35.o
 .bss.prev_temp.5390
                0x000000001ffff1a3        0x1 ./source/lcd.o
 .bss.prev_roll.5395
                0x000000001ffff1a4        0x1 ./source/lcd.o
 .bss.prev_pitch.5400
                0x000000001ffff1a5        0x1 ./source/lcd.o
 .bss.tick_50msec
                0x000000001ffff1a6        0x1 ./source/systick.o
 .bss.tick_100msec
                0x000000001ffff1a7        0x1 ./source/systick.o
 .bss.tick_500msec
                0x000000001ffff1a8        0x1 ./source/systick.o
 .bss.flag_50msec
                0x000000001ffff1a9        0x1 ./source/systick.o
                0x000000001ffff1a9                flag_50msec
 .bss.flag_100msec
                0x000000001ffff1aa        0x1 ./source/systick.o
                0x000000001ffff1aa                flag_100msec
 .bss.flag_500msec
                0x000000001ffff1ab        0x1 ./source/systick.o
                0x000000001ffff1ab                flag_500msec
 .bss.flag_1sec
                0x000000001ffff1ac        0x1 ./source/systick.o
                0x000000001ffff1ac                flag_1sec
 *(SORT_BY_ALIGNMENT(COMMON))
                0x000000001ffff1b0                . = ALIGN (0x4)
 *fill*         0x000000001ffff1ad        0x3 
                0x000000001ffff1b0                _ebss = .
                [!provide]                        PROVIDE (__end_bss_RAM = .)
                [!provide]                        PROVIDE (__end_bss_SRAM = .)
                [!provide]                        PROVIDE (end = .)

.noinit         0x000000001ffff1b0        0x0
                0x000000001ffff1b0                _noinit = .
                [!provide]                        PROVIDE (__start_noinit_RAM = .)
                [!provide]                        PROVIDE (__start_noinit_SRAM = .)
 *(SORT_BY_ALIGNMENT(.noinit*))
                0x000000001ffff1b0                . = ALIGN (0x4)
                0x000000001ffff1b0                _end_noinit = .
                [!provide]                        PROVIDE (__end_noinit_RAM = .)
                [!provide]                        PROVIDE (__end_noinit_SRAM = .)
                0x0000000000000400                _HeapSize = 0x400

.heap           0x000000001ffff1b0      0x400
                0x000000001ffff1b0                _pvHeapStart = .
                0x000000001ffff5b0                . = (. + _HeapSize)
 *fill*         0x000000001ffff1b0      0x400 
                0x000000001ffff5b0                . = ALIGN (0x4)
                0x000000001ffff5b0                _pvHeapLimit = .
                0x0000000000000400                _StackSize = 0x400

.heap2stackfill
                0x000000001ffff5b0      0x400
                0x000000001ffff9b0                . = (. + _StackSize)
 *fill*         0x000000001ffff5b0      0x400 

.stack          0x0000000020002c00        0x0
                0x0000000020002c00                _vStackBase = .
                0x0000000020002c00                . = ALIGN (0x4)
                0x0000000020003000                _vStackTop = (. + _StackSize)
                0x0000000000000000                _image_start = LOADADDR (.text)
                0x0000000000004b00                _image_end = (LOADADDR (.data) + SIZEOF (.data))
                0x0000000000004b00                _image_size = (_image_end - _image_start)
OUTPUT(Final_Project.axf elf32-littlearm)

.debug_info     0x0000000000000000     0xc037
 .debug_info    0x0000000000000000      0xe72 ./utilities/fsl_debug_console.o
 .debug_info    0x0000000000000e72      0x4df ./startup/startup_mkl25z4.o
 .debug_info    0x0000000000001351      0x5a5 ./source/Final_Project.o
 .debug_info    0x00000000000018f6      0x426 ./source/LM35.o
 .debug_info    0x0000000000001d1c      0x4b8 ./source/MMA8451Q.o
 .debug_info    0x00000000000021d4      0x4fc ./source/adc.o
 .debug_info    0x00000000000026d0      0x332 ./source/calibrate.o
 .debug_info    0x0000000000002a02      0x6f4 ./source/gpio.o
 .debug_info    0x00000000000030f6      0x575 ./source/i2c.o
 .debug_info    0x000000000000366b      0x9ad ./source/init.o
 .debug_info    0x0000000000004018      0x47f ./source/lcd.o
 .debug_info    0x0000000000004497      0x417 ./source/led.o
 .debug_info    0x00000000000048ae       0x53 ./source/mtb.o
 .debug_info    0x0000000000004901      0x93a ./source/pwm.o
 .debug_info    0x000000000000523b      0x61e ./source/roll_pitch.o
 .debug_info    0x0000000000005859       0x3c ./source/semihost_hardfault.o
 .debug_info    0x0000000000005895      0x442 ./source/systick.o
 .debug_info    0x0000000000005cd7     0x1a97 ./drivers/fsl_clock.o
 .debug_info    0x000000000000776e      0x444 ./drivers/fsl_common.o
 .debug_info    0x0000000000007bb2     0x1469 ./drivers/fsl_lpsci.o
 .debug_info    0x000000000000901b     0x140a ./drivers/fsl_uart.o
 .debug_info    0x000000000000a425      0x6fa ./board/board.o
 .debug_info    0x000000000000ab1f      0xb00 ./board/clock_config.o
 .debug_info    0x000000000000b61f       0x3c ./board/peripherals.o
 .debug_info    0x000000000000b65b      0x5a3 ./board/pin_mux.o
 .debug_info    0x000000000000bbfe      0x439 ./CMSIS/system_MKL25Z4.o

.debug_abbrev   0x0000000000000000     0x2afc
 .debug_abbrev  0x0000000000000000      0x2d7 ./utilities/fsl_debug_console.o
 .debug_abbrev  0x00000000000002d7      0x18d ./startup/startup_mkl25z4.o
 .debug_abbrev  0x0000000000000464      0x135 ./source/Final_Project.o
 .debug_abbrev  0x0000000000000599      0x135 ./source/LM35.o
 .debug_abbrev  0x00000000000006ce      0x132 ./source/MMA8451Q.o
 .debug_abbrev  0x0000000000000800      0x198 ./source/adc.o
 .debug_abbrev  0x0000000000000998      0x112 ./source/calibrate.o
 .debug_abbrev  0x0000000000000aaa      0x1c4 ./source/gpio.o
 .debug_abbrev  0x0000000000000c6e      0x1b4 ./source/i2c.o
 .debug_abbrev  0x0000000000000e22      0x1f3 ./source/init.o
 .debug_abbrev  0x0000000000001015      0x1b4 ./source/lcd.o
 .debug_abbrev  0x00000000000011c9      0x158 ./source/led.o
 .debug_abbrev  0x0000000000001321       0x46 ./source/mtb.o
 .debug_abbrev  0x0000000000001367      0x1c1 ./source/pwm.o
 .debug_abbrev  0x0000000000001528      0x182 ./source/roll_pitch.o
 .debug_abbrev  0x00000000000016aa       0x31 ./source/semihost_hardfault.o
 .debug_abbrev  0x00000000000016db      0x12a ./source/systick.o
 .debug_abbrev  0x0000000000001805      0x36f ./drivers/fsl_clock.o
 .debug_abbrev  0x0000000000001b74      0x275 ./drivers/fsl_common.o
 .debug_abbrev  0x0000000000001de9      0x309 ./drivers/fsl_lpsci.o
 .debug_abbrev  0x00000000000020f2      0x323 ./drivers/fsl_uart.o
 .debug_abbrev  0x0000000000002415      0x185 ./board/board.o
 .debug_abbrev  0x000000000000259a      0x220 ./board/clock_config.o
 .debug_abbrev  0x00000000000027ba       0x31 ./board/peripherals.o
 .debug_abbrev  0x00000000000027eb      0x1bb ./board/pin_mux.o
 .debug_abbrev  0x00000000000029a6      0x156 ./CMSIS/system_MKL25Z4.o

.debug_aranges  0x0000000000000000      0xa30
 .debug_aranges
                0x0000000000000000       0x90 ./utilities/fsl_debug_console.o
 .debug_aranges
                0x0000000000000090      0x160 ./startup/startup_mkl25z4.o
 .debug_aranges
                0x00000000000001f0       0x20 ./source/Final_Project.o
 .debug_aranges
                0x0000000000000210       0x20 ./source/LM35.o
 .debug_aranges
                0x0000000000000230       0x30 ./source/MMA8451Q.o
 .debug_aranges
                0x0000000000000260       0x30 ./source/adc.o
 .debug_aranges
                0x0000000000000290       0x28 ./source/calibrate.o
 .debug_aranges
                0x00000000000002b8       0x38 ./source/gpio.o
 .debug_aranges
                0x00000000000002f0       0x58 ./source/i2c.o
 .debug_aranges
                0x0000000000000348       0x40 ./source/init.o
 .debug_aranges
                0x0000000000000388       0x58 ./source/lcd.o
 .debug_aranges
                0x00000000000003e0       0x28 ./source/led.o
 .debug_aranges
                0x0000000000000408       0x18 ./source/mtb.o
 .debug_aranges
                0x0000000000000420       0x40 ./source/pwm.o
 .debug_aranges
                0x0000000000000460       0x38 ./source/roll_pitch.o
 .debug_aranges
                0x0000000000000498       0x20 ./source/semihost_hardfault.o
 .debug_aranges
                0x00000000000004b8       0x20 ./source/systick.o
 .debug_aranges
                0x00000000000004d8      0x1d8 ./drivers/fsl_clock.o
 .debug_aranges
                0x00000000000006b0       0x38 ./drivers/fsl_common.o
 .debug_aranges
                0x00000000000006e8      0x118 ./drivers/fsl_lpsci.o
 .debug_aranges
                0x0000000000000800      0x130 ./drivers/fsl_uart.o
 .debug_aranges
                0x0000000000000930       0x28 ./board/board.o
 .debug_aranges
                0x0000000000000958       0x58 ./board/clock_config.o
 .debug_aranges
                0x00000000000009b0       0x20 ./board/peripherals.o
 .debug_aranges
                0x00000000000009d0       0x38 ./board/pin_mux.o
 .debug_aranges
                0x0000000000000a08       0x28 ./CMSIS/system_MKL25Z4.o

.debug_ranges   0x0000000000000000      0x888
 .debug_ranges  0x0000000000000000       0x80 ./utilities/fsl_debug_console.o
 .debug_ranges  0x0000000000000080      0x150 ./startup/startup_mkl25z4.o
 .debug_ranges  0x00000000000001d0       0x10 ./source/Final_Project.o
 .debug_ranges  0x00000000000001e0       0x10 ./source/LM35.o
 .debug_ranges  0x00000000000001f0       0x20 ./source/MMA8451Q.o
 .debug_ranges  0x0000000000000210       0x20 ./source/adc.o
 .debug_ranges  0x0000000000000230       0x18 ./source/calibrate.o
 .debug_ranges  0x0000000000000248       0x28 ./source/gpio.o
 .debug_ranges  0x0000000000000270       0x48 ./source/i2c.o
 .debug_ranges  0x00000000000002b8       0x30 ./source/init.o
 .debug_ranges  0x00000000000002e8       0x48 ./source/lcd.o
 .debug_ranges  0x0000000000000330       0x18 ./source/led.o
 .debug_ranges  0x0000000000000348       0x30 ./source/pwm.o
 .debug_ranges  0x0000000000000378       0x28 ./source/roll_pitch.o
 .debug_ranges  0x00000000000003a0       0x10 ./source/semihost_hardfault.o
 .debug_ranges  0x00000000000003b0       0x10 ./source/systick.o
 .debug_ranges  0x00000000000003c0      0x1c8 ./drivers/fsl_clock.o
 .debug_ranges  0x0000000000000588       0x28 ./drivers/fsl_common.o
 .debug_ranges  0x00000000000005b0      0x108 ./drivers/fsl_lpsci.o
 .debug_ranges  0x00000000000006b8      0x120 ./drivers/fsl_uart.o
 .debug_ranges  0x00000000000007d8       0x18 ./board/board.o
 .debug_ranges  0x00000000000007f0       0x48 ./board/clock_config.o
 .debug_ranges  0x0000000000000838       0x10 ./board/peripherals.o
 .debug_ranges  0x0000000000000848       0x28 ./board/pin_mux.o
 .debug_ranges  0x0000000000000870       0x18 ./CMSIS/system_MKL25Z4.o

.debug_macro    0x0000000000000000    0x25d75
 .debug_macro   0x0000000000000000      0x127 ./utilities/fsl_debug_console.o
 .debug_macro   0x0000000000000127      0xab4 ./utilities/fsl_debug_console.o
 .debug_macro   0x0000000000000bdb       0x10 ./utilities/fsl_debug_console.o
 .debug_macro   0x0000000000000beb       0x16 ./utilities/fsl_debug_console.o
 .debug_macro   0x0000000000000c01       0x10 ./utilities/fsl_debug_console.o
 .debug_macro   0x0000000000000c11      0x12e ./utilities/fsl_debug_console.o
 .debug_macro   0x0000000000000d3f       0x28 ./utilities/fsl_debug_console.o
 .debug_macro   0x0000000000000d67       0xc4 ./utilities/fsl_debug_console.o
 .debug_macro   0x0000000000000e2b       0x16 ./utilities/fsl_debug_console.o
 .debug_macro   0x0000000000000e41       0x22 ./utilities/fsl_debug_console.o
 .debug_macro   0x0000000000000e63      0x5b3 ./utilities/fsl_debug_console.o
 .debug_macro   0x0000000000001416       0x10 ./utilities/fsl_debug_console.o
 .debug_macro   0x0000000000001426       0x4c ./utilities/fsl_debug_console.o
 .debug_macro   0x0000000000001472       0x3a ./utilities/fsl_debug_console.o
 .debug_macro   0x00000000000014ac       0x26 ./utilities/fsl_debug_console.o
 .debug_macro   0x00000000000014d2      0x329 ./utilities/fsl_debug_console.o
 .debug_macro   0x00000000000017fb       0x30 ./utilities/fsl_debug_console.o
 .debug_macro   0x000000000000182b     0x8439 ./utilities/fsl_debug_console.o
 .debug_macro   0x0000000000009c64     0x1352 ./utilities/fsl_debug_console.o
 .debug_macro   0x000000000000afb6       0x3a ./utilities/fsl_debug_console.o
 .debug_macro   0x000000000000aff0       0xf4 ./utilities/fsl_debug_console.o
 .debug_macro   0x000000000000b0e4       0x35 ./utilities/fsl_debug_console.o
 .debug_macro   0x000000000000b119       0x2e ./utilities/fsl_debug_console.o
 .debug_macro   0x000000000000b147       0x10 ./utilities/fsl_debug_console.o
 .debug_macro   0x000000000000b157       0x10 ./utilities/fsl_debug_console.o
 .debug_macro   0x000000000000b167       0x29 ./startup/startup_mkl25z4.o
 .debug_macro   0x000000000000b190      0x222 ./source/Final_Project.o
 .debug_macro   0x000000000000b3b2       0xd8 ./source/Final_Project.o
 .debug_macro   0x000000000000b48a       0x16 ./source/Final_Project.o
 .debug_macro   0x000000000000b4a0       0x10 ./source/Final_Project.o
 .debug_macro   0x000000000000b4b0      0x112 ./source/Final_Project.o
 .debug_macro   0x000000000000b5c2       0x34 ./source/Final_Project.o
 .debug_macro   0x000000000000b5f6       0x34 ./source/Final_Project.o
 .debug_macro   0x000000000000b62a       0x64 ./source/Final_Project.o
 .debug_macro   0x000000000000b68e       0x1c ./source/Final_Project.o
 .debug_macro   0x000000000000b6aa       0x16 ./source/Final_Project.o
 .debug_macro   0x000000000000b6c0      0x15f ./source/LM35.o
 .debug_macro   0x000000000000b81f       0x16 ./source/LM35.o
 .debug_macro   0x000000000000b835       0x3a ./source/LM35.o
 .debug_macro   0x000000000000b86f     0x8439 ./source/LM35.o
 .debug_macro   0x0000000000013ca8       0xd2 ./source/LM35.o
 .debug_macro   0x0000000000013d7a      0x161 ./source/MMA8451Q.o
 .debug_macro   0x0000000000013edb       0x4c ./source/MMA8451Q.o
 .debug_macro   0x0000000000013f27     0x8439 ./source/MMA8451Q.o
 .debug_macro   0x000000000001c360       0x8c ./source/adc.o
 .debug_macro   0x000000000001c3ec      0x193 ./source/calibrate.o
 .debug_macro   0x000000000001c57f       0x16 ./source/calibrate.o
 .debug_macro   0x000000000001c595       0x3a ./source/calibrate.o
 .debug_macro   0x000000000001c5cf     0x8439 ./source/calibrate.o
 .debug_macro   0x0000000000024a08       0x64 ./source/calibrate.o
 .debug_macro   0x0000000000024a6c       0xa9 ./source/gpio.o
 .debug_macro   0x0000000000024b15       0xce ./source/i2c.o
 .debug_macro   0x0000000000024be3      0x15a ./source/init.o
 .debug_macro   0x0000000000024d3d       0x4c ./source/init.o
 .debug_macro   0x0000000000024d89      0x13a ./source/lcd.o
 .debug_macro   0x0000000000024ec3       0x96 ./source/led.o
 .debug_macro   0x0000000000024f59       0x16 ./source/led.o
 .debug_macro   0x0000000000024f6f       0x3a ./source/led.o
 .debug_macro   0x0000000000024fa9       0x2f ./source/mtb.o
 .debug_macro   0x0000000000024fd8       0x82 ./source/mtb.o
 .debug_macro   0x000000000002505a       0x10 ./source/mtb.o
 .debug_macro   0x000000000002506a      0x15d ./source/pwm.o
 .debug_macro   0x00000000000251c7      0x1bf ./source/roll_pitch.o
 .debug_macro   0x0000000000025386       0x1c ./source/roll_pitch.o
 .debug_macro   0x00000000000253a2       0x11 ./source/semihost_hardfault.o
 .debug_macro   0x00000000000253b3      0x148 ./source/systick.o
 .debug_macro   0x00000000000254fb      0x196 ./drivers/fsl_clock.o
 .debug_macro   0x0000000000025691       0x1c ./drivers/fsl_clock.o
 .debug_macro   0x00000000000256ad       0xef ./drivers/fsl_common.o
 .debug_macro   0x000000000002579c       0xec ./drivers/fsl_lpsci.o
 .debug_macro   0x0000000000025888       0xf2 ./drivers/fsl_uart.o
 .debug_macro   0x000000000002597a      0x112 ./board/board.o
 .debug_macro   0x0000000000025a8c      0x123 ./board/clock_config.o
 .debug_macro   0x0000000000025baf       0x1b ./board/peripherals.o
 .debug_macro   0x0000000000025bca      0x107 ./board/pin_mux.o
 .debug_macro   0x0000000000025cd1       0x10 ./board/pin_mux.o
 .debug_macro   0x0000000000025ce1       0x94 ./CMSIS/system_MKL25Z4.o

.debug_line     0x0000000000000000     0x914d
 .debug_line    0x0000000000000000      0xcfe ./utilities/fsl_debug_console.o
 .debug_line    0x0000000000000cfe      0x1e7 ./startup/startup_mkl25z4.o
 .debug_line    0x0000000000000ee5      0x5cf ./source/Final_Project.o
 .debug_line    0x00000000000014b4      0x435 ./source/LM35.o
 .debug_line    0x00000000000018e9      0x53e ./source/MMA8451Q.o
 .debug_line    0x0000000000001e27      0x357 ./source/adc.o
 .debug_line    0x000000000000217e      0x5ae ./source/calibrate.o
 .debug_line    0x000000000000272c      0x31a ./source/gpio.o
 .debug_line    0x0000000000002a46      0x43b ./source/i2c.o
 .debug_line    0x0000000000002e81      0x50d ./source/init.o
 .debug_line    0x000000000000338e      0x5d4 ./source/lcd.o
 .debug_line    0x0000000000003962      0x2ef ./source/led.o
 .debug_line    0x0000000000003c51       0xd9 ./source/mtb.o
 .debug_line    0x0000000000003d2a      0x572 ./source/pwm.o
 .debug_line    0x000000000000429c      0x579 ./source/roll_pitch.o
 .debug_line    0x0000000000004815       0x59 ./source/semihost_hardfault.o
 .debug_line    0x000000000000486e      0x450 ./source/systick.o
 .debug_line    0x0000000000004cbe     0x1367 ./drivers/fsl_clock.o
 .debug_line    0x0000000000006025      0x4b1 ./drivers/fsl_common.o
 .debug_line    0x00000000000064d6      0xde0 ./drivers/fsl_lpsci.o
 .debug_line    0x00000000000072b6      0xdcf ./drivers/fsl_uart.o
 .debug_line    0x0000000000008085      0x425 ./board/board.o
 .debug_line    0x00000000000084aa      0x46b ./board/clock_config.o
 .debug_line    0x0000000000008915       0x5c ./board/peripherals.o
 .debug_line    0x0000000000008971      0x3f2 ./board/pin_mux.o
 .debug_line    0x0000000000008d63      0x3ea ./CMSIS/system_MKL25Z4.o

.debug_str      0x0000000000000000    0x41437
 .debug_str     0x0000000000000000    0x3bec8 ./utilities/fsl_debug_console.o
                                      0x3c2b1 (size before relaxing)
 .debug_str     0x000000000003bec8      0x3e1 ./startup/startup_mkl25z4.o
                                       0x3216 (size before relaxing)
 .debug_str     0x000000000003c2a9     0x1370 ./source/Final_Project.o
                                      0x3c9b3 (size before relaxing)
 .debug_str     0x000000000003d619       0xf1 ./source/LM35.o
                                      0x3bb30 (size before relaxing)
 .debug_str     0x000000000003d70a       0x64 ./source/MMA8451Q.o
                                      0x3c02f (size before relaxing)
 .debug_str     0x000000000003d76e      0x10b ./source/adc.o
                                      0x339e8 (size before relaxing)
 .debug_str     0x000000000003d879       0xa7 ./source/calibrate.o
                                      0x3bc40 (size before relaxing)
 .debug_str     0x000000000003d920      0x238 ./source/gpio.o
                                      0x33f65 (size before relaxing)
 .debug_str     0x000000000003db58      0x21f ./source/i2c.o
                                      0x33b84 (size before relaxing)
 .debug_str     0x000000000003dd77      0x1a7 ./source/init.o
                                      0x3bee5 (size before relaxing)
 .debug_str     0x000000000003df1e       0xc6 ./source/lcd.o
                                      0x3bb34 (size before relaxing)
 .debug_str     0x000000000003dfe4       0x4a ./source/led.o
                                      0x33a08 (size before relaxing)
 .debug_str     0x000000000003e02e      0x532 ./source/mtb.o
                                       0x3322 (size before relaxing)
 .debug_str     0x000000000003e560       0xa2 ./source/pwm.o
                                      0x3c356 (size before relaxing)
 .debug_str     0x000000000003e602       0xb9 ./source/roll_pitch.o
                                      0x3c9c5 (size before relaxing)
 .debug_str     0x000000000003e6bb       0x1f ./source/semihost_hardfault.o
                                       0x2e0f (size before relaxing)
 .debug_str     0x000000000003e6da       0x51 ./source/systick.o
                                      0x3bf46 (size before relaxing)
 .debug_str     0x000000000003e72b     0x14bd ./drivers/fsl_clock.o
                                      0x3ce0b (size before relaxing)
 .debug_str     0x000000000003fbe8      0x105 ./drivers/fsl_common.o
                                      0x3b3f2 (size before relaxing)
 .debug_str     0x000000000003fced      0x96b ./drivers/fsl_lpsci.o
                                      0x3c413 (size before relaxing)
 .debug_str     0x0000000000040658      0x832 ./drivers/fsl_uart.o
                                      0x3c436 (size before relaxing)
 .debug_str     0x0000000000040e8a       0x4c ./board/board.o
                                      0x3bf50 (size before relaxing)
 .debug_str     0x0000000000040ed6      0x300 ./board/clock_config.o
                                      0x3bd39 (size before relaxing)
 .debug_str     0x00000000000411d6       0x31 ./board/peripherals.o
                                       0x2e20 (size before relaxing)
 .debug_str     0x0000000000041207      0x1e1 ./board/pin_mux.o
                                      0x3b49c (size before relaxing)
 .debug_str     0x00000000000413e8       0x4f ./CMSIS/system_MKL25Z4.o
                                      0x3a775 (size before relaxing)

.comment        0x0000000000000000       0x79
 .comment       0x0000000000000000       0x79 ./utilities/fsl_debug_console.o
                                         0x7a (size before relaxing)
 .comment       0x0000000000000079       0x7a ./startup/startup_mkl25z4.o
 .comment       0x0000000000000079       0x7a ./source/Final_Project.o
 .comment       0x0000000000000079       0x7a ./source/LM35.o
 .comment       0x0000000000000079       0x7a ./source/MMA8451Q.o
 .comment       0x0000000000000079       0x7a ./source/adc.o
 .comment       0x0000000000000079       0x7a ./source/calibrate.o
 .comment       0x0000000000000079       0x7a ./source/gpio.o
 .comment       0x0000000000000079       0x7a ./source/i2c.o
 .comment       0x0000000000000079       0x7a ./source/init.o
 .comment       0x0000000000000079       0x7a ./source/lcd.o
 .comment       0x0000000000000079       0x7a ./source/led.o
 .comment       0x0000000000000079       0x7a ./source/mtb.o
 .comment       0x0000000000000079       0x7a ./source/pwm.o
 .comment       0x0000000000000079       0x7a ./source/roll_pitch.o
 .comment       0x0000000000000079       0x7a ./source/semihost_hardfault.o
 .comment       0x0000000000000079       0x7a ./source/systick.o
 .comment       0x0000000000000079       0x7a ./drivers/fsl_clock.o
 .comment       0x0000000000000079       0x7a ./drivers/fsl_common.o
 .comment       0x0000000000000079       0x7a ./drivers/fsl_lpsci.o
 .comment       0x0000000000000079       0x7a ./drivers/fsl_uart.o
 .comment       0x0000000000000079       0x7a ./board/board.o
 .comment       0x0000000000000079       0x7a ./board/clock_config.o
 .comment       0x0000000000000079       0x7a ./board/peripherals.o
 .comment       0x0000000000000079       0x7a ./board/pin_mux.o
 .comment       0x0000000000000079       0x7a ./CMSIS/system_MKL25Z4.o
 .comment       0x0000000000000079       0x7a /Applications/MCUXpressoIDE_11.2.0_4120/ide/plugins/com.nxp.mcuxpresso.tools.macosx_11.2.0.202001021529/tools/bin/../lib/gcc/arm-none-eabi/9.2.1/../../../../arm-none-eabi/lib/thumb/v6-m/nofp/libcr_nohost_nf.a(_cr__main.o)
 .comment       0x0000000000000079       0x7a /Applications/MCUXpressoIDE_11.2.0_4120/ide/plugins/com.nxp.mcuxpresso.tools.macosx_11.2.0.202001021529/tools/bin/../lib/gcc/arm-none-eabi/9.2.1/../../../../arm-none-eabi/lib/thumb/v6-m/nofp/libcr_c.a(memset.o)
 .comment       0x0000000000000079       0x7a /Applications/MCUXpressoIDE_11.2.0_4120/ide/plugins/com.nxp.mcuxpresso.tools.macosx_11.2.0.202001021529/tools/bin/../lib/gcc/arm-none-eabi/9.2.1/../../../../arm-none-eabi/lib/thumb/v6-m/nofp/libcr_c.a(atan2.o)
 .comment       0x0000000000000079       0x7a /Applications/MCUXpressoIDE_11.2.0_4120/ide/plugins/com.nxp.mcuxpresso.tools.macosx_11.2.0.202001021529/tools/bin/../lib/gcc/arm-none-eabi/9.2.1/../../../../arm-none-eabi/lib/thumb/v6-m/nofp/libcr_c.a(errno.o)
 .comment       0x0000000000000079       0x7a /Applications/MCUXpressoIDE_11.2.0_4120/ide/plugins/com.nxp.mcuxpresso.tools.macosx_11.2.0.202001021529/tools/bin/../lib/gcc/arm-none-eabi/9.2.1/../../../../arm-none-eabi/lib/thumb/v6-m/nofp/libcr_c.a(fabs.o)
 .comment       0x0000000000000079       0x7a /Applications/MCUXpressoIDE_11.2.0_4120/ide/plugins/com.nxp.mcuxpresso.tools.macosx_11.2.0.202001021529/tools/bin/../lib/gcc/arm-none-eabi/9.2.1/../../../../arm-none-eabi/lib/thumb/v6-m/nofp/libcr_c.a(initio.o)
 .comment       0x0000000000000079       0x7a /Applications/MCUXpressoIDE_11.2.0_4120/ide/plugins/com.nxp.mcuxpresso.tools.macosx_11.2.0.202001021529/tools/bin/../lib/gcc/arm-none-eabi/9.2.1/../../../../arm-none-eabi/lib/thumb/v6-m/nofp/libcr_c.a(setvbuf.o)
 .comment       0x0000000000000079       0x7a /Applications/MCUXpressoIDE_11.2.0_4120/ide/plugins/com.nxp.mcuxpresso.tools.macosx_11.2.0.202001021529/tools/bin/../lib/gcc/arm-none-eabi/9.2.1/../../../../arm-none-eabi/lib/thumb/v6-m/nofp/libcr_c.a(sqrt.o)
 .comment       0x0000000000000079       0x7a /Applications/MCUXpressoIDE_11.2.0_4120/ide/plugins/com.nxp.mcuxpresso.tools.macosx_11.2.0.202001021529/tools/bin/../lib/gcc/arm-none-eabi/9.2.1/../../../../arm-none-eabi/lib/thumb/v6-m/nofp/libcr_c.a(strlen.o)
 .comment       0x0000000000000079       0x7a /Applications/MCUXpressoIDE_11.2.0_4120/ide/plugins/com.nxp.mcuxpresso.tools.macosx_11.2.0.202001021529/tools/bin/../lib/gcc/arm-none-eabi/9.2.1/../../../../arm-none-eabi/lib/thumb/v6-m/nofp/libcr_c.a(_fdopen.o)
 .comment       0x0000000000000079       0x7a /Applications/MCUXpressoIDE_11.2.0_4120/ide/plugins/com.nxp.mcuxpresso.tools.macosx_11.2.0.202001021529/tools/bin/../lib/gcc/arm-none-eabi/9.2.1/../../../../arm-none-eabi/lib/thumb/v6-m/nofp/libcr_c.a(atan.o)
 .comment       0x0000000000000079       0x7a /Applications/MCUXpressoIDE_11.2.0_4120/ide/plugins/com.nxp.mcuxpresso.tools.macosx_11.2.0.202001021529/tools/bin/../lib/gcc/arm-none-eabi/9.2.1/../../../../arm-none-eabi/lib/thumb/v6-m/nofp/libcr_c.a(fclose.o)
 .comment       0x0000000000000079       0x7a /Applications/MCUXpressoIDE_11.2.0_4120/ide/plugins/com.nxp.mcuxpresso.tools.macosx_11.2.0.202001021529/tools/bin/../lib/gcc/arm-none-eabi/9.2.1/../../../../arm-none-eabi/lib/thumb/v6-m/nofp/libcr_c.a(fflush.o)
 .comment       0x0000000000000079       0x7a /Applications/MCUXpressoIDE_11.2.0_4120/ide/plugins/com.nxp.mcuxpresso.tools.macosx_11.2.0.202001021529/tools/bin/../lib/gcc/arm-none-eabi/9.2.1/../../../../arm-none-eabi/lib/thumb/v6-m/nofp/libcr_c.a(fseek.o)
 .comment       0x0000000000000079       0x7a /Applications/MCUXpressoIDE_11.2.0_4120/ide/plugins/com.nxp.mcuxpresso.tools.macosx_11.2.0.202001021529/tools/bin/../lib/gcc/arm-none-eabi/9.2.1/../../../../arm-none-eabi/lib/thumb/v6-m/nofp/libcr_c.a(ftell.o)
 .comment       0x0000000000000079       0x7a /Applications/MCUXpressoIDE_11.2.0_4120/ide/plugins/com.nxp.mcuxpresso.tools.macosx_11.2.0.202001021529/tools/bin/../lib/gcc/arm-none-eabi/9.2.1/../../../../arm-none-eabi/lib/thumb/v6-m/nofp/libcr_c.a(remove.o)
 .comment       0x0000000000000079       0x7a /Applications/MCUXpressoIDE_11.2.0_4120/ide/plugins/com.nxp.mcuxpresso.tools.macosx_11.2.0.202001021529/tools/bin/../lib/gcc/arm-none-eabi/9.2.1/../../../../arm-none-eabi/lib/thumb/v6-m/nofp/libcr_c.a(_do_fflush.o)
 .comment       0x0000000000000079       0x7a /Applications/MCUXpressoIDE_11.2.0_4120/ide/plugins/com.nxp.mcuxpresso.tools.macosx_11.2.0.202001021529/tools/bin/../lib/gcc/arm-none-eabi/9.2.1/../../../../arm-none-eabi/lib/thumb/v6-m/nofp/libcr_c.a(_fflush.o)
 .comment       0x0000000000000079       0x7a /Applications/MCUXpressoIDE_11.2.0_4120/ide/plugins/com.nxp.mcuxpresso.tools.macosx_11.2.0.202001021529/tools/bin/../lib/gcc/arm-none-eabi/9.2.1/../../../../arm-none-eabi/lib/thumb/v6-m/nofp/libcr_c.a(_writebuf.o)
 .comment       0x0000000000000079       0x7a /Applications/MCUXpressoIDE_11.2.0_4120/ide/plugins/com.nxp.mcuxpresso.tools.macosx_11.2.0.202001021529/tools/bin/../lib/gcc/arm-none-eabi/9.2.1/../../../../arm-none-eabi/lib/thumb/v6-m/nofp/libcr_c.a(alloc.o)
 .comment       0x0000000000000079       0x7a /Applications/MCUXpressoIDE_11.2.0_4120/ide/plugins/com.nxp.mcuxpresso.tools.macosx_11.2.0.202001021529/tools/bin/../lib/gcc/arm-none-eabi/9.2.1/../../../../arm-none-eabi/lib/thumb/v6-m/nofp/libcr_c.a(_deferredlazyseek.o)
 .comment       0x0000000000000079       0x7a /Applications/MCUXpressoIDE_11.2.0_4120/ide/plugins/com.nxp.mcuxpresso.tools.macosx_11.2.0.202001021529/tools/bin/../lib/gcc/arm-none-eabi/9.2.1/thumb/v6-m/nofp/libcr_eabihelpers.a(double.o)
 .comment       0x0000000000000079       0x7a /Applications/MCUXpressoIDE_11.2.0_4120/ide/plugins/com.nxp.mcuxpresso.tools.macosx_11.2.0.202001021529/tools/bin/../lib/gcc/arm-none-eabi/9.2.1/../../../../arm-none-eabi/lib/thumb/v6-m/nofp/libcr_nohost_nf.a(__ciob.o)
 .comment       0x0000000000000079       0x7a /Applications/MCUXpressoIDE_11.2.0_4120/ide/plugins/com.nxp.mcuxpresso.tools.macosx_11.2.0.202001021529/tools/bin/../lib/gcc/arm-none-eabi/9.2.1/../../../../arm-none-eabi/lib/thumb/v6-m/nofp/libcr_nohost_nf.a(__sys_close.o)
 .comment       0x0000000000000079       0x7a /Applications/MCUXpressoIDE_11.2.0_4120/ide/plugins/com.nxp.mcuxpresso.tools.macosx_11.2.0.202001021529/tools/bin/../lib/gcc/arm-none-eabi/9.2.1/../../../../arm-none-eabi/lib/thumb/v6-m/nofp/libcr_nohost_nf.a(__sys_flen.o)
 .comment       0x0000000000000079       0x7a /Applications/MCUXpressoIDE_11.2.0_4120/ide/plugins/com.nxp.mcuxpresso.tools.macosx_11.2.0.202001021529/tools/bin/../lib/gcc/arm-none-eabi/9.2.1/../../../../arm-none-eabi/lib/thumb/v6-m/nofp/libcr_nohost_nf.a(__sys_istty.o)
 .comment       0x0000000000000079       0x7a /Applications/MCUXpressoIDE_11.2.0_4120/ide/plugins/com.nxp.mcuxpresso.tools.macosx_11.2.0.202001021529/tools/bin/../lib/gcc/arm-none-eabi/9.2.1/../../../../arm-none-eabi/lib/thumb/v6-m/nofp/libcr_nohost_nf.a(__sys_remove.o)
 .comment       0x0000000000000079       0x7a /Applications/MCUXpressoIDE_11.2.0_4120/ide/plugins/com.nxp.mcuxpresso.tools.macosx_11.2.0.202001021529/tools/bin/../lib/gcc/arm-none-eabi/9.2.1/../../../../arm-none-eabi/lib/thumb/v6-m/nofp/libcr_nohost_nf.a(__sys_seek.o)
 .comment       0x0000000000000079       0x7a /Applications/MCUXpressoIDE_11.2.0_4120/ide/plugins/com.nxp.mcuxpresso.tools.macosx_11.2.0.202001021529/tools/bin/../lib/gcc/arm-none-eabi/9.2.1/../../../../arm-none-eabi/lib/thumb/v6-m/nofp/libcr_nohost_nf.a(__sys_tmpnam.o)
 .comment       0x0000000000000079       0x7a /Applications/MCUXpressoIDE_11.2.0_4120/ide/plugins/com.nxp.mcuxpresso.tools.macosx_11.2.0.202001021529/tools/bin/../lib/gcc/arm-none-eabi/9.2.1/../../../../arm-none-eabi/lib/thumb/v6-m/nofp/libcr_nohost_nf.a(__sys_write.o)

.ARM.attributes
                0x0000000000000000       0x2a
 .ARM.attributes
                0x0000000000000000       0x2c ./utilities/fsl_debug_console.o
 .ARM.attributes
                0x000000000000002c       0x2c ./startup/startup_mkl25z4.o
 .ARM.attributes
                0x0000000000000058       0x2c ./source/Final_Project.o
 .ARM.attributes
                0x0000000000000084       0x2c ./source/LM35.o
 .ARM.attributes
                0x00000000000000b0       0x2c ./source/MMA8451Q.o
 .ARM.attributes
                0x00000000000000dc       0x2c ./source/adc.o
 .ARM.attributes
                0x0000000000000108       0x2c ./source/calibrate.o
 .ARM.attributes
                0x0000000000000134       0x2c ./source/gpio.o
 .ARM.attributes
                0x0000000000000160       0x2c ./source/i2c.o
 .ARM.attributes
                0x000000000000018c       0x2c ./source/init.o
 .ARM.attributes
                0x00000000000001b8       0x2c ./source/lcd.o
 .ARM.attributes
                0x00000000000001e4       0x2c ./source/led.o
 .ARM.attributes
                0x0000000000000210       0x32 ./source/mtb.o
 .ARM.attributes
                0x0000000000000242       0x2c ./source/pwm.o
 .ARM.attributes
                0x000000000000026e       0x2c ./source/roll_pitch.o
 .ARM.attributes
                0x000000000000029a       0x2c ./source/semihost_hardfault.o
 .ARM.attributes
                0x00000000000002c6       0x2c ./source/systick.o
 .ARM.attributes
                0x00000000000002f2       0x2c ./drivers/fsl_clock.o
 .ARM.attributes
                0x000000000000031e       0x2c ./drivers/fsl_common.o
 .ARM.attributes
                0x000000000000034a       0x2c ./drivers/fsl_lpsci.o
 .ARM.attributes
                0x0000000000000376       0x2c ./drivers/fsl_uart.o
 .ARM.attributes
                0x00000000000003a2       0x2c ./board/board.o
 .ARM.attributes
                0x00000000000003ce       0x2c ./board/clock_config.o
 .ARM.attributes
                0x00000000000003fa       0x2c ./board/peripherals.o
 .ARM.attributes
                0x0000000000000426       0x2c ./board/pin_mux.o
 .ARM.attributes
                0x0000000000000452       0x2c ./CMSIS/system_MKL25Z4.o
 .ARM.attributes
                0x000000000000047e       0x2c /Applications/MCUXpressoIDE_11.2.0_4120/ide/plugins/com.nxp.mcuxpresso.tools.macosx_11.2.0.202001021529/tools/bin/../lib/gcc/arm-none-eabi/9.2.1/../../../../arm-none-eabi/lib/thumb/v6-m/nofp/libcr_nohost_nf.a(_cr__main.o)
 .ARM.attributes
                0x00000000000004aa       0x2c /Applications/MCUXpressoIDE_11.2.0_4120/ide/plugins/com.nxp.mcuxpresso.tools.macosx_11.2.0.202001021529/tools/bin/../lib/gcc/arm-none-eabi/9.2.1/../../../../arm-none-eabi/lib/thumb/v6-m/nofp/libcr_c.a(memset.o)
 .ARM.attributes
                0x00000000000004d6       0x2c /Applications/MCUXpressoIDE_11.2.0_4120/ide/plugins/com.nxp.mcuxpresso.tools.macosx_11.2.0.202001021529/tools/bin/../lib/gcc/arm-none-eabi/9.2.1/../../../../arm-none-eabi/lib/thumb/v6-m/nofp/libcr_c.a(atan2.o)
 .ARM.attributes
                0x0000000000000502       0x31 /Applications/MCUXpressoIDE_11.2.0_4120/ide/plugins/com.nxp.mcuxpresso.tools.macosx_11.2.0.202001021529/tools/bin/../lib/gcc/arm-none-eabi/9.2.1/../../../../arm-none-eabi/lib/thumb/v6-m/nofp/libcr_c.a(errno.o)
 .ARM.attributes
                0x0000000000000533       0x2c /Applications/MCUXpressoIDE_11.2.0_4120/ide/plugins/com.nxp.mcuxpresso.tools.macosx_11.2.0.202001021529/tools/bin/../lib/gcc/arm-none-eabi/9.2.1/../../../../arm-none-eabi/lib/thumb/v6-m/nofp/libcr_c.a(fabs.o)
 .ARM.attributes
                0x000000000000055f       0x2c /Applications/MCUXpressoIDE_11.2.0_4120/ide/plugins/com.nxp.mcuxpresso.tools.macosx_11.2.0.202001021529/tools/bin/../lib/gcc/arm-none-eabi/9.2.1/../../../../arm-none-eabi/lib/thumb/v6-m/nofp/libcr_c.a(initio.o)
 .ARM.attributes
                0x000000000000058b       0x2c /Applications/MCUXpressoIDE_11.2.0_4120/ide/plugins/com.nxp.mcuxpresso.tools.macosx_11.2.0.202001021529/tools/bin/../lib/gcc/arm-none-eabi/9.2.1/../../../../arm-none-eabi/lib/thumb/v6-m/nofp/libcr_c.a(setvbuf.o)
 .ARM.attributes
                0x00000000000005b7       0x2c /Applications/MCUXpressoIDE_11.2.0_4120/ide/plugins/com.nxp.mcuxpresso.tools.macosx_11.2.0.202001021529/tools/bin/../lib/gcc/arm-none-eabi/9.2.1/../../../../arm-none-eabi/lib/thumb/v6-m/nofp/libcr_c.a(sqrt.o)
 .ARM.attributes
                0x00000000000005e3       0x2c /Applications/MCUXpressoIDE_11.2.0_4120/ide/plugins/com.nxp.mcuxpresso.tools.macosx_11.2.0.202001021529/tools/bin/../lib/gcc/arm-none-eabi/9.2.1/../../../../arm-none-eabi/lib/thumb/v6-m/nofp/libcr_c.a(strlen.o)
 .ARM.attributes
                0x000000000000060f       0x2c /Applications/MCUXpressoIDE_11.2.0_4120/ide/plugins/com.nxp.mcuxpresso.tools.macosx_11.2.0.202001021529/tools/bin/../lib/gcc/arm-none-eabi/9.2.1/../../../../arm-none-eabi/lib/thumb/v6-m/nofp/libcr_c.a(_fdopen.o)
 .ARM.attributes
                0x000000000000063b       0x2c /Applications/MCUXpressoIDE_11.2.0_4120/ide/plugins/com.nxp.mcuxpresso.tools.macosx_11.2.0.202001021529/tools/bin/../lib/gcc/arm-none-eabi/9.2.1/../../../../arm-none-eabi/lib/thumb/v6-m/nofp/libcr_c.a(atan.o)
 .ARM.attributes
                0x0000000000000667       0x2c /Applications/MCUXpressoIDE_11.2.0_4120/ide/plugins/com.nxp.mcuxpresso.tools.macosx_11.2.0.202001021529/tools/bin/../lib/gcc/arm-none-eabi/9.2.1/../../../../arm-none-eabi/lib/thumb/v6-m/nofp/libcr_c.a(fclose.o)
 .ARM.attributes
                0x0000000000000693       0x2c /Applications/MCUXpressoIDE_11.2.0_4120/ide/plugins/com.nxp.mcuxpresso.tools.macosx_11.2.0.202001021529/tools/bin/../lib/gcc/arm-none-eabi/9.2.1/../../../../arm-none-eabi/lib/thumb/v6-m/nofp/libcr_c.a(fflush.o)
 .ARM.attributes
                0x00000000000006bf       0x2c /Applications/MCUXpressoIDE_11.2.0_4120/ide/plugins/com.nxp.mcuxpresso.tools.macosx_11.2.0.202001021529/tools/bin/../lib/gcc/arm-none-eabi/9.2.1/../../../../arm-none-eabi/lib/thumb/v6-m/nofp/libcr_c.a(fseek.o)
 .ARM.attributes
                0x00000000000006eb       0x2c /Applications/MCUXpressoIDE_11.2.0_4120/ide/plugins/com.nxp.mcuxpresso.tools.macosx_11.2.0.202001021529/tools/bin/../lib/gcc/arm-none-eabi/9.2.1/../../../../arm-none-eabi/lib/thumb/v6-m/nofp/libcr_c.a(ftell.o)
 .ARM.attributes
                0x0000000000000717       0x2c /Applications/MCUXpressoIDE_11.2.0_4120/ide/plugins/com.nxp.mcuxpresso.tools.macosx_11.2.0.202001021529/tools/bin/../lib/gcc/arm-none-eabi/9.2.1/../../../../arm-none-eabi/lib/thumb/v6-m/nofp/libcr_c.a(remove.o)
 .ARM.attributes
                0x0000000000000743       0x2c /Applications/MCUXpressoIDE_11.2.0_4120/ide/plugins/com.nxp.mcuxpresso.tools.macosx_11.2.0.202001021529/tools/bin/../lib/gcc/arm-none-eabi/9.2.1/../../../../arm-none-eabi/lib/thumb/v6-m/nofp/libcr_c.a(_do_fflush.o)
 .ARM.attributes
                0x000000000000076f       0x2c /Applications/MCUXpressoIDE_11.2.0_4120/ide/plugins/com.nxp.mcuxpresso.tools.macosx_11.2.0.202001021529/tools/bin/../lib/gcc/arm-none-eabi/9.2.1/../../../../arm-none-eabi/lib/thumb/v6-m/nofp/libcr_c.a(_fflush.o)
 .ARM.attributes
                0x000000000000079b       0x2c /Applications/MCUXpressoIDE_11.2.0_4120/ide/plugins/com.nxp.mcuxpresso.tools.macosx_11.2.0.202001021529/tools/bin/../lib/gcc/arm-none-eabi/9.2.1/../../../../arm-none-eabi/lib/thumb/v6-m/nofp/libcr_c.a(_writebuf.o)
 .ARM.attributes
                0x00000000000007c7       0x2c /Applications/MCUXpressoIDE_11.2.0_4120/ide/plugins/com.nxp.mcuxpresso.tools.macosx_11.2.0.202001021529/tools/bin/../lib/gcc/arm-none-eabi/9.2.1/../../../../arm-none-eabi/lib/thumb/v6-m/nofp/libcr_c.a(alloc.o)
 .ARM.attributes
                0x00000000000007f3       0x2c /Applications/MCUXpressoIDE_11.2.0_4120/ide/plugins/com.nxp.mcuxpresso.tools.macosx_11.2.0.202001021529/tools/bin/../lib/gcc/arm-none-eabi/9.2.1/../../../../arm-none-eabi/lib/thumb/v6-m/nofp/libcr_c.a(_deferredlazyseek.o)
 .ARM.attributes
                0x000000000000081f       0x1c /Applications/MCUXpressoIDE_11.2.0_4120/ide/plugins/com.nxp.mcuxpresso.tools.macosx_11.2.0.202001021529/tools/bin/../lib/gcc/arm-none-eabi/9.2.1/thumb/v6-m/nofp/libcr_eabihelpers.a(division_32.o)
 .ARM.attributes
                0x000000000000083b       0x1c /Applications/MCUXpressoIDE_11.2.0_4120/ide/plugins/com.nxp.mcuxpresso.tools.macosx_11.2.0.202001021529/tools/bin/../lib/gcc/arm-none-eabi/9.2.1/thumb/v6-m/nofp/libcr_eabihelpers.a(division_idiv0.o)
 .ARM.attributes
                0x0000000000000857       0x2c /Applications/MCUXpressoIDE_11.2.0_4120/ide/plugins/com.nxp.mcuxpresso.tools.macosx_11.2.0.202001021529/tools/bin/../lib/gcc/arm-none-eabi/9.2.1/thumb/v6-m/nofp/libcr_eabihelpers.a(double.o)
 .ARM.attributes
                0x0000000000000883       0x1c /Applications/MCUXpressoIDE_11.2.0_4120/ide/plugins/com.nxp.mcuxpresso.tools.macosx_11.2.0.202001021529/tools/bin/../lib/gcc/arm-none-eabi/9.2.1/thumb/v6-m/nofp/libcr_eabihelpers.a(llong.o)
 .ARM.attributes
                0x000000000000089f       0x1c /Applications/MCUXpressoIDE_11.2.0_4120/ide/plugins/com.nxp.mcuxpresso.tools.macosx_11.2.0.202001021529/tools/bin/../lib/gcc/arm-none-eabi/9.2.1/thumb/v6-m/nofp/libcr_eabihelpers.a(memcpy.o)
 .ARM.attributes
                0x00000000000008bb       0x31 /Applications/MCUXpressoIDE_11.2.0_4120/ide/plugins/com.nxp.mcuxpresso.tools.macosx_11.2.0.202001021529/tools/bin/../lib/gcc/arm-none-eabi/9.2.1/../../../../arm-none-eabi/lib/thumb/v6-m/nofp/libcr_nohost_nf.a(__ciob.o)
 .ARM.attributes
                0x00000000000008ec       0x2c /Applications/MCUXpressoIDE_11.2.0_4120/ide/plugins/com.nxp.mcuxpresso.tools.macosx_11.2.0.202001021529/tools/bin/../lib/gcc/arm-none-eabi/9.2.1/../../../../arm-none-eabi/lib/thumb/v6-m/nofp/libcr_nohost_nf.a(__sys_close.o)
 .ARM.attributes
                0x0000000000000918       0x2c /Applications/MCUXpressoIDE_11.2.0_4120/ide/plugins/com.nxp.mcuxpresso.tools.macosx_11.2.0.202001021529/tools/bin/../lib/gcc/arm-none-eabi/9.2.1/../../../../arm-none-eabi/lib/thumb/v6-m/nofp/libcr_nohost_nf.a(__sys_flen.o)
 .ARM.attributes
                0x0000000000000944       0x2c /Applications/MCUXpressoIDE_11.2.0_4120/ide/plugins/com.nxp.mcuxpresso.tools.macosx_11.2.0.202001021529/tools/bin/../lib/gcc/arm-none-eabi/9.2.1/../../../../arm-none-eabi/lib/thumb/v6-m/nofp/libcr_nohost_nf.a(__sys_istty.o)
 .ARM.attributes
                0x0000000000000970       0x2c /Applications/MCUXpressoIDE_11.2.0_4120/ide/plugins/com.nxp.mcuxpresso.tools.macosx_11.2.0.202001021529/tools/bin/../lib/gcc/arm-none-eabi/9.2.1/../../../../arm-none-eabi/lib/thumb/v6-m/nofp/libcr_nohost_nf.a(__sys_remove.o)
 .ARM.attributes
                0x000000000000099c       0x2c /Applications/MCUXpressoIDE_11.2.0_4120/ide/plugins/com.nxp.mcuxpresso.tools.macosx_11.2.0.202001021529/tools/bin/../lib/gcc/arm-none-eabi/9.2.1/../../../../arm-none-eabi/lib/thumb/v6-m/nofp/libcr_nohost_nf.a(__sys_seek.o)
 .ARM.attributes
                0x00000000000009c8       0x2c /Applications/MCUXpressoIDE_11.2.0_4120/ide/plugins/com.nxp.mcuxpresso.tools.macosx_11.2.0.202001021529/tools/bin/../lib/gcc/arm-none-eabi/9.2.1/../../../../arm-none-eabi/lib/thumb/v6-m/nofp/libcr_nohost_nf.a(__sys_tmpnam.o)
 .ARM.attributes
                0x00000000000009f4       0x2c /Applications/MCUXpressoIDE_11.2.0_4120/ide/plugins/com.nxp.mcuxpresso.tools.macosx_11.2.0.202001021529/tools/bin/../lib/gcc/arm-none-eabi/9.2.1/../../../../arm-none-eabi/lib/thumb/v6-m/nofp/libcr_nohost_nf.a(__sys_write.o)

.debug_frame    0x0000000000000000     0x1e70
 .debug_frame   0x0000000000000000      0x1f0 ./utilities/fsl_debug_console.o
 .debug_frame   0x00000000000001f0      0x3b0 ./startup/startup_mkl25z4.o
 .debug_frame   0x00000000000005a0       0x2c ./source/Final_Project.o
 .debug_frame   0x00000000000005cc       0x2c ./source/LM35.o
 .debug_frame   0x00000000000005f8       0x70 ./source/MMA8451Q.o
 .debug_frame   0x0000000000000668       0x70 ./source/adc.o
 .debug_frame   0x00000000000006d8       0x54 ./source/calibrate.o
 .debug_frame   0x000000000000072c       0x88 ./source/gpio.o
 .debug_frame   0x00000000000007b4      0x104 ./source/i2c.o
 .debug_frame   0x00000000000008b8       0xa0 ./source/init.o
 .debug_frame   0x0000000000000958      0x10c ./source/lcd.o
 .debug_frame   0x0000000000000a64       0x4c ./source/led.o
 .debug_frame   0x0000000000000ab0       0xac ./source/pwm.o
 .debug_frame   0x0000000000000b5c       0x90 ./source/roll_pitch.o
 .debug_frame   0x0000000000000bec       0x20 ./source/semihost_hardfault.o
 .debug_frame   0x0000000000000c0c       0x2c ./source/systick.o
 .debug_frame   0x0000000000000c38      0x6e0 ./drivers/fsl_clock.o
 .debug_frame   0x0000000000001318       0x90 ./drivers/fsl_common.o
 .debug_frame   0x00000000000013a8      0x414 ./drivers/fsl_lpsci.o
 .debug_frame   0x00000000000017bc      0x464 ./drivers/fsl_uart.o
 .debug_frame   0x0000000000001c20       0x50 ./board/board.o
 .debug_frame   0x0000000000001c70      0x100 ./board/clock_config.o
 .debug_frame   0x0000000000001d70       0x2c ./board/peripherals.o
 .debug_frame   0x0000000000001d9c       0x88 ./board/pin_mux.o
 .debug_frame   0x0000000000001e24       0x4c ./CMSIS/system_MKL25Z4.o

Cross Reference Table

Symbol                                            File
ADC0_DriverIRQHandler                             ./startup/startup_mkl25z4.o
ADC0_IRQHandler                                   ./startup/startup_mkl25z4.o
BOARD_BootClockRUN                                ./board/clock_config.o
BOARD_BootClockVLPR                               ./board/clock_config.o
BOARD_InitBootClocks                              ./board/clock_config.o
                                                  ./source/Final_Project.o
BOARD_InitBootPeripherals                         ./board/peripherals.o
                                                  ./source/Final_Project.o
BOARD_InitBootPins                                ./board/pin_mux.o
                                                  ./source/Final_Project.o
BOARD_InitDebugConsole                            ./board/board.o
                                                  ./source/Final_Project.o
BOARD_InitPins                                    ./board/pin_mux.o
CLOCK_BootToBlpeMode                              ./drivers/fsl_clock.o
CLOCK_BootToBlpiMode                              ./drivers/fsl_clock.o
                                                  ./board/clock_config.o
CLOCK_BootToFeeMode                               ./drivers/fsl_clock.o
CLOCK_BootToFeiMode                               ./drivers/fsl_clock.o
CLOCK_BootToPeeMode                               ./drivers/fsl_clock.o
                                                  ./board/clock_config.o
CLOCK_CalcPllDiv                                  ./drivers/fsl_clock.o
CLOCK_ClearStatusFlags                            ./drivers/fsl_clock.o
CLOCK_DeinitOsc0                                  ./drivers/fsl_clock.o
CLOCK_EnablePll0                                  ./drivers/fsl_clock.o